#
# There is insufficient memory for the Java Runtime Environment to continue.
# Native memory allocation (mmap) failed to map 128974848 bytes for G1 virtual space
# Possible reasons:
#   The system is out of physical RAM or swap space
#   The process is running with CompressedOops enabled, and the Java Heap may be blocking the growth of the native heap
# Possible solutions:
#   Reduce memory load on the system
#   Increase physical memory or swap space
#   Check if swap backing store is full
#   Decrease Java heap size (-Xmx/-Xms)
#   Decrease number of Java threads
#   Decrease Java thread stack sizes (-Xss)
#   Set larger code cache with -XX:ReservedCodeCacheSize=
#   JVM is running with Unscaled Compressed Oops mode in which the Java heap is
#     placed in the first 4GB address space. The Java Heap base address is the
#     maximum limit for the native heap growth. Please use -XX:HeapBaseMinAddress
#     to set the Java Heap base and to place the Java Heap above 4GB virtual address.
# This output file may be truncated or incomplete.
#
#  Out of Memory Error (os_windows.cpp:3548), pid=33816, tid=21908
#
# JRE version: Java(TM) SE Runtime Environment (17.0.10+11) (build 17.0.10+11-LTS-240)
# Java VM: Java HotSpot(TM) 64-Bit Server VM (17.0.10+11-LTS-240, mixed mode, sharing, tiered, compressed oops, compressed class ptrs, g1 gc, windows-amd64)
# No core dump will be written. Minidumps are not enabled by default on client versions of Windows
#

---------------  S U M M A R Y ------------

Command Line: -Xmx512m -Dclassworlds.conf=C:\Users\engon\AppData\Roaming\Code\User\globalStorage\pleiades.java-extension-pack-jdk\maven\latest\bin\m2.conf -Dmaven.home=C:\Users\engon\AppData\Roaming\Code\User\globalStorage\pleiades.java-extension-pack-jdk\maven\latest -Dlibrary.jansi.path=C:\Users\engon\AppData\Roaming\Code\User\globalStorage\pleiades.java-extension-pack-jdk\maven\latest\lib\jansi-native -Dmaven.multiModuleProjectDirectory=D:\SpringRestdemo\SpringRestdemo org.codehaus.plexus.classworlds.launcher.Launcher clean install

Host: 11th Gen Intel(R) Core(TM) i5-1135G7 @ 2.40GHz, 8 cores, 7G,  Windows 11 , 64 bit Build 22621 (10.0.22621.5124)
Time: Sat Mar 29 01:46:45 2025 South Africa Standard Time elapsed time: 11.014140 seconds (0d 0h 0m 11s)

---------------  T H R E A D  ---------------

Current thread (0x0000023f57e9d610):  VMThread "VM Thread" [stack: 0x000000ee2e600000,0x000000ee2e700000] [id=21908]

Stack: [0x000000ee2e600000,0x000000ee2e700000]
Native frames: (J=compiled Java code, j=interpreted, Vv=VM code, C=native code)
V  [jvm.dll+0x677a5a]
V  [jvm.dll+0x7d8b2d]
V  [jvm.dll+0x7da48e]
V  [jvm.dll+0x7daaf3]
V  [jvm.dll+0x2455ff]
V  [jvm.dll+0x6749b9]
V  [jvm.dll+0x669382]
V  [jvm.dll+0x302e96]
V  [jvm.dll+0x30a416]
V  [jvm.dll+0x359cbe]
V  [jvm.dll+0x359eef]
V  [jvm.dll+0x2d9e88]
V  [jvm.dll+0x2d8295]
V  [jvm.dll+0x2d789c]
V  [jvm.dll+0x31b18b]
V  [jvm.dll+0x7df30b]
V  [jvm.dll+0x7e0044]
V  [jvm.dll+0x7e055d]
V  [jvm.dll+0x7e0934]
V  [jvm.dll+0x7e0a00]
V  [jvm.dll+0x78888a]
V  [jvm.dll+0x676935]
C  [ucrtbase.dll+0x29333]
C  [KERNEL32.DLL+0x1259d]
C  [ntdll.dll+0x5af38]

VM_Operation (0x000000ee2e0fc7e0): G1CollectForAllocation, mode: safepoint, requested by thread 0x0000023f3d5fe7d0


---------------  P R O C E S S  ---------------

Threads class SMR info:
_java_thread_list=0x0000023f9f4289b0, length=15, elements={
0x0000023f3d5fe7d0, 0x0000023f57ea20c0, 0x0000023f57ea2c80, 0x0000023f57eb8ca0,
0x0000023f57eb9660, 0x0000023f57ebc030, 0x0000023f57ebd000, 0x0000023f57ebeae0,
0x0000023f57ecc710, 0x0000023f57f02c30, 0x0000023f9d1b8ea0, 0x0000023f9d1c2d70,
0x0000023f9e1644c0, 0x0000023f9da08d80, 0x0000023f9da08830
}

Java Threads: ( => current thread )
  0x0000023f3d5fe7d0 JavaThread "main" [_thread_blocked, id=21700, stack(0x000000ee2e000000,0x000000ee2e100000)]
  0x0000023f57ea20c0 JavaThread "Reference Handler" daemon [_thread_blocked, id=11628, stack(0x000000ee2e700000,0x000000ee2e800000)]
  0x0000023f57ea2c80 JavaThread "Finalizer" daemon [_thread_blocked, id=29180, stack(0x000000ee2e800000,0x000000ee2e900000)]
  0x0000023f57eb8ca0 JavaThread "Signal Dispatcher" daemon [_thread_blocked, id=14248, stack(0x000000ee2e900000,0x000000ee2ea00000)]
  0x0000023f57eb9660 JavaThread "Attach Listener" daemon [_thread_blocked, id=34616, stack(0x000000ee2ea00000,0x000000ee2eb00000)]
  0x0000023f57ebc030 JavaThread "Service Thread" daemon [_thread_blocked, id=17136, stack(0x000000ee2eb00000,0x000000ee2ec00000)]
  0x0000023f57ebd000 JavaThread "Monitor Deflation Thread" daemon [_thread_blocked, id=10912, stack(0x000000ee2ec00000,0x000000ee2ed00000)]
  0x0000023f57ebeae0 JavaThread "C2 CompilerThread0" daemon [_thread_blocked, id=27740, stack(0x000000ee2ed00000,0x000000ee2ee00000)]
  0x0000023f57ecc710 JavaThread "C1 CompilerThread0" daemon [_thread_blocked, id=31516, stack(0x000000ee2ee00000,0x000000ee2ef00000)]
  0x0000023f57f02c30 JavaThread "Sweeper thread" daemon [_thread_blocked, id=31212, stack(0x000000ee2ef00000,0x000000ee2f000000)]
  0x0000023f9d1b8ea0 JavaThread "Notification Thread" daemon [_thread_blocked, id=34404, stack(0x000000ee2f000000,0x000000ee2f100000)]
  0x0000023f9d1c2d70 JavaThread "Common-Cleaner" daemon [_thread_blocked, id=14144, stack(0x000000ee2f200000,0x000000ee2f300000)]
  0x0000023f9e1644c0 JavaThread "Thread-1" daemon [_thread_blocked, id=14716, stack(0x000000ee2f300000,0x000000ee2f400000)]
  0x0000023f9da08d80 JavaThread "C2 CompilerThread1" daemon [_thread_blocked, id=30456, stack(0x000000ee2fb00000,0x000000ee2fc00000)]
  0x0000023f9da08830 JavaThread "C2 CompilerThread2" daemon [_thread_blocked, id=23180, stack(0x000000ee2ff00000,0x000000ee30000000)]

Other Threads:
=>0x0000023f57e9d610 VMThread "VM Thread" [stack: 0x000000ee2e600000,0x000000ee2e700000] [id=21908]
  0x0000023f3d639420 WatcherThread [stack: 0x000000ee2f100000,0x000000ee2f200000] [id=22152]
  0x0000023f3d62c540 GCTaskThread "GC Thread#0" [stack: 0x000000ee2e100000,0x000000ee2e200000] [id=35076]
  0x0000023f9d2cd980 GCTaskThread "GC Thread#1" [stack: 0x000000ee2f400000,0x000000ee2f500000] [id=31612]
  0x0000023f9dd759e0 GCTaskThread "GC Thread#2" [stack: 0x000000ee2f500000,0x000000ee2f600000] [id=4576]
  0x0000023f9db9aaf0 GCTaskThread "GC Thread#3" [stack: 0x000000ee2f600000,0x000000ee2f700000] [id=13132]
  0x0000023f9db9adb0 GCTaskThread "GC Thread#4" [stack: 0x000000ee2f700000,0x000000ee2f800000] [id=32460]
  0x0000023f9db583d0 GCTaskThread "GC Thread#5" [stack: 0x000000ee2f800000,0x000000ee2f900000] [id=23452]
  0x0000023f9db58690 GCTaskThread "GC Thread#6" [stack: 0x000000ee2f900000,0x000000ee2fa00000] [id=24728]
  0x0000023f9dbd6f20 GCTaskThread "GC Thread#7" [stack: 0x000000ee2fa00000,0x000000ee2fb00000] [id=17980]
  0x0000023f3d631490 ConcurrentGCThread "G1 Main Marker" [stack: 0x000000ee2e200000,0x000000ee2e300000] [id=3948]
  0x0000023f3d631ea0 ConcurrentGCThread "G1 Conc#0" [stack: 0x000000ee2e300000,0x000000ee2e400000] [id=35244]
  0x0000023f9f17a480 ConcurrentGCThread "G1 Conc#1" [stack: 0x000000ee2fc00000,0x000000ee2fd00000] [id=31380]
  0x0000023f57d70090 ConcurrentGCThread "G1 Refine#0" [stack: 0x000000ee2e400000,0x000000ee2e500000] [id=29812]
  0x0000023f9f78e830 ConcurrentGCThread "G1 Refine#1" [stack: 0x000000ee2fd00000,0x000000ee2fe00000] [id=27804]
  0x0000023f9e36d360 ConcurrentGCThread "G1 Refine#2" [stack: 0x000000ee2fe00000,0x000000ee2ff00000] [id=22364]
  0x0000023fa0561a80 ConcurrentGCThread "G1 Refine#3" [stack: 0x000000ee30000000,0x000000ee30100000] [id=14124]
  0x0000023f57d70ac0 ConcurrentGCThread "G1 Service" [stack: 0x000000ee2e500000,0x000000ee2e600000] [id=8264]

Threads with active compile tasks:
C2 CompilerThread0    11050 7279       4       com.sun.tools.javac.code.Scope$ScopeImpl::enter (108 bytes)
C1 CompilerThread0    11050 7292       3       com.sun.tools.javac.comp.Check::validateAnnotation (723 bytes)
C2 CompilerThread1    11050 7277       4       com.sun.tools.javac.code.Symbol$ClassSymbol::<init> (75 bytes)
C2 CompilerThread2    11050 7269   !   4       jdk.nio.zipfs.ZipFileSystem::buildNodeTree (123 bytes)

VM state: at safepoint (normal execution)

VM Mutex/Monitor currently owned by a thread:  ([mutex/lock_event])
[0x0000023f3d5f9aa0] Threads_lock - owner thread: 0x0000023f57e9d610
[0x0000023f3d5f9b30] Heap_lock - owner thread: 0x0000023f3d5fe7d0

Heap address: 0x00000000e0000000, size: 512 MB, Compressed Oops mode: 32-bit

CDS archive(s) mapped at: [0x0000023f58000000-0x0000023f58bd0000-0x0000023f58bd0000), size 12386304, SharedBaseAddress: 0x0000023f58000000, ArchiveRelocationMode: 1.
Compressed class space mapped at: 0x0000023f59000000-0x0000023f99000000, reserved size: 1073741824
Narrow klass base: 0x0000023f58000000, Narrow klass shift: 0, Narrow klass range: 0x100000000

GC Precious Log:
 CPUs: 8 total, 8 available
 Memory: 7831M
 Large Page Support: Disabled
 NUMA Support: Disabled
 Compressed Oops: Enabled (32-bit)
 Heap Region Size: 1M
 Heap Min Capacity: 8M
 Heap Initial Capacity: 124M
 Heap Max Capacity: 512M
 Pre-touch: Disabled
 Parallel Workers: 8
 Concurrent Workers: 2
 Concurrent Refinement Workers: 8
 Periodic GC: Disabled

Heap:
 garbage-first heap   total 135168K, used 62464K [0x00000000e0000000, 0x0000000100000000)
  region size 1024K, 3 young (3072K), 3 survivors (3072K)
 Metaspace       used 30483K, committed 30848K, reserved 1114112K
  class space    used 3525K, committed 3712K, reserved 1048576K

Heap Regions: E=young(eden), S=young(survivor), O=old, HS=humongous(starts), HC=humongous(continues), CS=collection set, F=free, OA=open archive, CA=closed archive, TAMS=top-at-mark-start (previous, next)
|   0|0x00000000e0000000, 0x00000000e0100000, 0x00000000e0100000|100%| O|  |TAMS 0x00000000e0100000, 0x00000000e0100000| Untracked 
|   1|0x00000000e0100000, 0x00000000e0200000, 0x00000000e0200000|100%| O|  |TAMS 0x00000000e0200000, 0x00000000e0200000| Untracked 
|   2|0x00000000e0200000, 0x00000000e0300000, 0x00000000e0300000|100%| O|  |TAMS 0x00000000e0300000, 0x00000000e0300000| Untracked 
|   3|0x00000000e0300000, 0x00000000e0400000, 0x00000000e0400000|100%| O|  |TAMS 0x00000000e0400000, 0x00000000e0400000| Untracked 
|   4|0x00000000e0400000, 0x00000000e0500000, 0x00000000e0500000|100%| O|  |TAMS 0x00000000e0500000, 0x00000000e0500000| Untracked 
|   5|0x00000000e0500000, 0x00000000e0600000, 0x00000000e0600000|100%| O|  |TAMS 0x00000000e0600000, 0x00000000e0600000| Untracked 
|   6|0x00000000e0600000, 0x00000000e0700000, 0x00000000e0700000|100%| O|  |TAMS 0x00000000e0700000, 0x00000000e0700000| Untracked 
|   7|0x00000000e0700000, 0x00000000e0800000, 0x00000000e0800000|100%| O|  |TAMS 0x00000000e0800000, 0x00000000e0800000| Untracked 
|   8|0x00000000e0800000, 0x00000000e0900000, 0x00000000e0900000|100%| O|  |TAMS 0x00000000e0900000, 0x00000000e0900000| Untracked 
|   9|0x00000000e0900000, 0x00000000e0a00000, 0x00000000e0a00000|100%| O|  |TAMS 0x00000000e0a00000, 0x00000000e0a00000| Untracked 
|  10|0x00000000e0a00000, 0x00000000e0b00000, 0x00000000e0b00000|100%| O|  |TAMS 0x00000000e0b00000, 0x00000000e0b00000| Untracked 
|  11|0x00000000e0b00000, 0x00000000e0c00000, 0x00000000e0c00000|100%|HS|  |TAMS 0x00000000e0b00000, 0x00000000e0c00000| Complete 
|  12|0x00000000e0c00000, 0x00000000e0d00000, 0x00000000e0d00000|100%|HS|  |TAMS 0x00000000e0c00000, 0x00000000e0d00000| Complete 
|  13|0x00000000e0d00000, 0x00000000e0e00000, 0x00000000e0e00000|100%| O|  |TAMS 0x00000000e0e00000, 0x00000000e0e00000| Untracked 
|  14|0x00000000e0e00000, 0x00000000e0f00000, 0x00000000e0f00000|100%| O|  |TAMS 0x00000000e0e00000, 0x00000000e0e00000| Untracked 
|  15|0x00000000e0f00000, 0x00000000e1000000, 0x00000000e1000000|100%| O|  |TAMS 0x00000000e0f00000, 0x00000000e0f00000| Untracked 
|  16|0x00000000e1000000, 0x00000000e1100000, 0x00000000e1100000|100%|HS|  |TAMS 0x00000000e1000000, 0x00000000e1100000| Complete 
|  17|0x00000000e1100000, 0x00000000e1200000, 0x00000000e1200000|100%| O|  |TAMS 0x00000000e1100000, 0x00000000e1100000| Untracked 
|  18|0x00000000e1200000, 0x00000000e1300000, 0x00000000e1300000|100%| O|  |TAMS 0x00000000e1300000, 0x00000000e1300000| Untracked 
|  19|0x00000000e1300000, 0x00000000e1400000, 0x00000000e1400000|100%| O|  |TAMS 0x00000000e1400000, 0x00000000e1400000| Untracked 
|  20|0x00000000e1400000, 0x00000000e1500000, 0x00000000e1500000|100%| O|  |TAMS 0x00000000e1500000, 0x00000000e1500000| Untracked 
|  21|0x00000000e1500000, 0x00000000e1600000, 0x00000000e1600000|100%| O|  |TAMS 0x00000000e1600000, 0x00000000e1600000| Untracked 
|  22|0x00000000e1600000, 0x00000000e1700000, 0x00000000e1700000|100%| O|  |TAMS 0x00000000e1700000, 0x00000000e1700000| Untracked 
|  23|0x00000000e1700000, 0x00000000e1800000, 0x00000000e1800000|100%| O|  |TAMS 0x00000000e1800000, 0x00000000e1800000| Untracked 
|  24|0x00000000e1800000, 0x00000000e1800000, 0x00000000e1900000|  0%| F|  |TAMS 0x00000000e1800000, 0x00000000e1800000| Untracked 
|  25|0x00000000e1900000, 0x00000000e1a00000, 0x00000000e1a00000|100%| O|  |TAMS 0x00000000e1a00000, 0x00000000e1a00000| Untracked 
|  26|0x00000000e1a00000, 0x00000000e1a00000, 0x00000000e1b00000|  0%| F|  |TAMS 0x00000000e1a00000, 0x00000000e1a00000| Untracked 
|  27|0x00000000e1b00000, 0x00000000e1b00000, 0x00000000e1c00000|  0%| F|  |TAMS 0x00000000e1b00000, 0x00000000e1b00000| Untracked 
|  28|0x00000000e1c00000, 0x00000000e1d00000, 0x00000000e1d00000|100%| O|  |TAMS 0x00000000e1d00000, 0x00000000e1d00000| Untracked 
|  29|0x00000000e1d00000, 0x00000000e1e00000, 0x00000000e1e00000|100%| O|  |TAMS 0x00000000e1e00000, 0x00000000e1e00000| Untracked 
|  30|0x00000000e1e00000, 0x00000000e1f00000, 0x00000000e1f00000|100%| O|  |TAMS 0x00000000e1f00000, 0x00000000e1f00000| Untracked 
|  31|0x00000000e1f00000, 0x00000000e2000000, 0x00000000e2000000|100%| O|  |TAMS 0x00000000e1f80000, 0x00000000e2000000| Untracked 
|  32|0x00000000e2000000, 0x00000000e2100000, 0x00000000e2100000|100%|HS|  |TAMS 0x00000000e2100000, 0x00000000e2100000| Complete 
|  33|0x00000000e2100000, 0x00000000e2200000, 0x00000000e2200000|100%|HC|  |TAMS 0x00000000e2200000, 0x00000000e2200000| Complete 
|  34|0x00000000e2200000, 0x00000000e2300000, 0x00000000e2300000|100%|HS|  |TAMS 0x00000000e2200000, 0x00000000e2300000| Complete 
|  35|0x00000000e2300000, 0x00000000e2400000, 0x00000000e2400000|100%| O|  |TAMS 0x00000000e2300000, 0x00000000e2400000| Untracked 
|  36|0x00000000e2400000, 0x00000000e2500000, 0x00000000e2500000|100%| O|  |TAMS 0x00000000e2400000, 0x00000000e2480000| Untracked 
|  37|0x00000000e2500000, 0x00000000e2500000, 0x00000000e2600000|  0%| F|  |TAMS 0x00000000e2500000, 0x00000000e2500000| Untracked 
|  38|0x00000000e2600000, 0x00000000e2600000, 0x00000000e2700000|  0%| F|  |TAMS 0x00000000e2600000, 0x00000000e2600000| Untracked 
|  39|0x00000000e2700000, 0x00000000e2700000, 0x00000000e2800000|  0%| F|  |TAMS 0x00000000e2700000, 0x00000000e2700000| Untracked 
|  40|0x00000000e2800000, 0x00000000e2800000, 0x00000000e2900000|  0%| F|  |TAMS 0x00000000e2800000, 0x00000000e2800000| Untracked 
|  41|0x00000000e2900000, 0x00000000e2a00000, 0x00000000e2a00000|100%| O|  |TAMS 0x00000000e2a00000, 0x00000000e2a00000| Untracked 
|  42|0x00000000e2a00000, 0x00000000e2b00000, 0x00000000e2b00000|100%|HS|  |TAMS 0x00000000e2a00000, 0x00000000e2b00000| Complete 
|  43|0x00000000e2b00000, 0x00000000e2c00000, 0x00000000e2c00000|100%|HC|  |TAMS 0x00000000e2b00000, 0x00000000e2c00000| Complete 
|  44|0x00000000e2c00000, 0x00000000e2d00000, 0x00000000e2d00000|100%| O|  |TAMS 0x00000000e2c00000, 0x00000000e2d00000| Untracked 
|  45|0x00000000e2d00000, 0x00000000e2e00000, 0x00000000e2e00000|100%| O|  |TAMS 0x00000000e2d00000, 0x00000000e2e00000| Untracked 
|  46|0x00000000e2e00000, 0x00000000e2f00000, 0x00000000e2f00000|100%| O|  |TAMS 0x00000000e2e00000, 0x00000000e2f00000| Untracked 
|  47|0x00000000e2f00000, 0x00000000e3000000, 0x00000000e3000000|100%| O|  |TAMS 0x00000000e2f00000, 0x00000000e3000000| Untracked 
|  48|0x00000000e3000000, 0x00000000e3100000, 0x00000000e3100000|100%| O|  |TAMS 0x00000000e3000000, 0x00000000e3100000| Untracked 
|  49|0x00000000e3100000, 0x00000000e3200000, 0x00000000e3200000|100%| O|  |TAMS 0x00000000e3100000, 0x00000000e3200000| Untracked 
|  50|0x00000000e3200000, 0x00000000e3300000, 0x00000000e3300000|100%| O|  |TAMS 0x00000000e3200000, 0x00000000e3300000| Untracked 
|  51|0x00000000e3300000, 0x00000000e3400000, 0x00000000e3400000|100%| O|  |TAMS 0x00000000e3300000, 0x00000000e3400000| Untracked 
|  52|0x00000000e3400000, 0x00000000e3500000, 0x00000000e3500000|100%| O|  |TAMS 0x00000000e3400000, 0x00000000e3500000| Untracked 
|  53|0x00000000e3500000, 0x00000000e3600000, 0x00000000e3600000|100%| O|  |TAMS 0x00000000e3500000, 0x00000000e3600000| Untracked 
|  54|0x00000000e3600000, 0x00000000e3600000, 0x00000000e3700000|  0%| F|  |TAMS 0x00000000e3600000, 0x00000000e3600000| Untracked 
|  55|0x00000000e3700000, 0x00000000e3700000, 0x00000000e3800000|  0%| F|  |TAMS 0x00000000e3700000, 0x00000000e3700000| Untracked 
|  56|0x00000000e3800000, 0x00000000e3800000, 0x00000000e3900000|  0%| F|  |TAMS 0x00000000e3800000, 0x00000000e3800000| Untracked 
|  57|0x00000000e3900000, 0x00000000e3900000, 0x00000000e3a00000|  0%| F|  |TAMS 0x00000000e3900000, 0x00000000e3900000| Untracked 
|  58|0x00000000e3a00000, 0x00000000e3b00000, 0x00000000e3b00000|100%| O|  |TAMS 0x00000000e3a00000, 0x00000000e3b00000| Untracked 
|  59|0x00000000e3b00000, 0x00000000e3c00000, 0x00000000e3c00000|100%| O|  |TAMS 0x00000000e3b00000, 0x00000000e3c00000| Untracked 
|  60|0x00000000e3c00000, 0x00000000e3d00000, 0x00000000e3d00000|100%| O|  |TAMS 0x00000000e3c00000, 0x00000000e3d00000| Untracked 
|  61|0x00000000e3d00000, 0x00000000e3e00000, 0x00000000e3e00000|100%| O|  |TAMS 0x00000000e3d00000, 0x00000000e3e00000| Untracked 
|  62|0x00000000e3e00000, 0x00000000e3f00000, 0x00000000e3f00000|100%| O|  |TAMS 0x00000000e3e00000, 0x00000000e3f00000| Untracked 
|  63|0x00000000e3f00000, 0x00000000e4000000, 0x00000000e4000000|100%| O|  |TAMS 0x00000000e3f00000, 0x00000000e4000000| Untracked 
|  64|0x00000000e4000000, 0x00000000e4100000, 0x00000000e4100000|100%| O|  |TAMS 0x00000000e4000000, 0x00000000e4100000| Untracked 
|  65|0x00000000e4100000, 0x00000000e4100000, 0x00000000e4200000|  0%| F|  |TAMS 0x00000000e4100000, 0x00000000e4100000| Untracked 
|  66|0x00000000e4200000, 0x00000000e4200000, 0x00000000e4300000|  0%| F|  |TAMS 0x00000000e4200000, 0x00000000e4200000| Untracked 
|  67|0x00000000e4300000, 0x00000000e4300000, 0x00000000e4400000|  0%| F|  |TAMS 0x00000000e4300000, 0x00000000e4300000| Untracked 
|  68|0x00000000e4400000, 0x00000000e4400000, 0x00000000e4500000|  0%| F|  |TAMS 0x00000000e4400000, 0x00000000e4400000| Untracked 
|  69|0x00000000e4500000, 0x00000000e4500000, 0x00000000e4600000|  0%| F|  |TAMS 0x00000000e4500000, 0x00000000e4500000| Untracked 
|  70|0x00000000e4600000, 0x00000000e4700000, 0x00000000e4700000|100%| S|CS|TAMS 0x00000000e4600000, 0x00000000e4600000| Complete 
|  71|0x00000000e4700000, 0x00000000e4800000, 0x00000000e4800000|100%| S|CS|TAMS 0x00000000e4700000, 0x00000000e4700000| Complete 
|  72|0x00000000e4800000, 0x00000000e4900000, 0x00000000e4900000|100%| S|CS|TAMS 0x00000000e4800000, 0x00000000e4800000| Complete 
|  73|0x00000000e4900000, 0x00000000e4900000, 0x00000000e4a00000|  0%| F|  |TAMS 0x00000000e4900000, 0x00000000e4900000| Untracked 
|  74|0x00000000e4a00000, 0x00000000e4a00000, 0x00000000e4b00000|  0%| F|  |TAMS 0x00000000e4a00000, 0x00000000e4a00000| Untracked 
|  75|0x00000000e4b00000, 0x00000000e4b00000, 0x00000000e4c00000|  0%| F|  |TAMS 0x00000000e4b00000, 0x00000000e4b00000| Untracked 
|  76|0x00000000e4c00000, 0x00000000e4c00000, 0x00000000e4d00000|  0%| F|  |TAMS 0x00000000e4c00000, 0x00000000e4c00000| Untracked 
|  77|0x00000000e4d00000, 0x00000000e4d00000, 0x00000000e4e00000|  0%| F|  |TAMS 0x00000000e4d00000, 0x00000000e4d00000| Untracked 
|  78|0x00000000e4e00000, 0x00000000e4e00000, 0x00000000e4f00000|  0%| F|  |TAMS 0x00000000e4e00000, 0x00000000e4e00000| Untracked 
|  79|0x00000000e4f00000, 0x00000000e4f00000, 0x00000000e5000000|  0%| F|  |TAMS 0x00000000e4f00000, 0x00000000e4f00000| Untracked 
|  80|0x00000000e5000000, 0x00000000e5000000, 0x00000000e5100000|  0%| F|  |TAMS 0x00000000e5000000, 0x00000000e5000000| Untracked 
|  81|0x00000000e5100000, 0x00000000e5100000, 0x00000000e5200000|  0%| F|  |TAMS 0x00000000e5100000, 0x00000000e5100000| Untracked 
|  82|0x00000000e5200000, 0x00000000e5200000, 0x00000000e5300000|  0%| F|  |TAMS 0x00000000e5200000, 0x00000000e5200000| Untracked 
|  83|0x00000000e5300000, 0x00000000e5300000, 0x00000000e5400000|  0%| F|  |TAMS 0x00000000e5300000, 0x00000000e5300000| Untracked 
|  84|0x00000000e5400000, 0x00000000e5400000, 0x00000000e5500000|  0%| F|  |TAMS 0x00000000e5400000, 0x00000000e5400000| Untracked 
|  85|0x00000000e5500000, 0x00000000e5500000, 0x00000000e5600000|  0%| F|  |TAMS 0x00000000e5500000, 0x00000000e5500000| Untracked 
|  86|0x00000000e5600000, 0x00000000e5600000, 0x00000000e5700000|  0%| F|  |TAMS 0x00000000e5600000, 0x00000000e5600000| Untracked 
|  87|0x00000000e5700000, 0x00000000e5700000, 0x00000000e5800000|  0%| F|  |TAMS 0x00000000e5700000, 0x00000000e5700000| Untracked 
|  88|0x00000000e5800000, 0x00000000e5800000, 0x00000000e5900000|  0%| F|  |TAMS 0x00000000e5800000, 0x00000000e5800000| Untracked 
|  89|0x00000000e5900000, 0x00000000e5900000, 0x00000000e5a00000|  0%| F|  |TAMS 0x00000000e5900000, 0x00000000e5900000| Untracked 
|  90|0x00000000e5a00000, 0x00000000e5a00000, 0x00000000e5b00000|  0%| F|  |TAMS 0x00000000e5a00000, 0x00000000e5a00000| Untracked 
|  91|0x00000000e5b00000, 0x00000000e5b00000, 0x00000000e5c00000|  0%| F|  |TAMS 0x00000000e5b00000, 0x00000000e5b00000| Untracked 
|  92|0x00000000e5c00000, 0x00000000e5c00000, 0x00000000e5d00000|  0%| F|  |TAMS 0x00000000e5c00000, 0x00000000e5c00000| Untracked 
|  93|0x00000000e5d00000, 0x00000000e5d00000, 0x00000000e5e00000|  0%| F|  |TAMS 0x00000000e5d00000, 0x00000000e5d00000| Untracked 
|  94|0x00000000e5e00000, 0x00000000e5e00000, 0x00000000e5f00000|  0%| F|  |TAMS 0x00000000e5e00000, 0x00000000e5e00000| Untracked 
|  95|0x00000000e5f00000, 0x00000000e5f00000, 0x00000000e6000000|  0%| F|  |TAMS 0x00000000e5f00000, 0x00000000e5f00000| Untracked 
|  96|0x00000000e6000000, 0x00000000e6000000, 0x00000000e6100000|  0%| F|  |TAMS 0x00000000e6000000, 0x00000000e6000000| Untracked 
|  97|0x00000000e6100000, 0x00000000e6100000, 0x00000000e6200000|  0%| F|  |TAMS 0x00000000e6100000, 0x00000000e6100000| Untracked 
|  98|0x00000000e6200000, 0x00000000e6200000, 0x00000000e6300000|  0%| F|  |TAMS 0x00000000e6200000, 0x00000000e6200000| Untracked 
|  99|0x00000000e6300000, 0x00000000e6300000, 0x00000000e6400000|  0%| F|  |TAMS 0x00000000e6300000, 0x00000000e6300000| Untracked 
| 100|0x00000000e6400000, 0x00000000e6400000, 0x00000000e6500000|  0%| F|  |TAMS 0x00000000e6400000, 0x00000000e6400000| Untracked 
| 101|0x00000000e6500000, 0x00000000e6500000, 0x00000000e6600000|  0%| F|  |TAMS 0x00000000e6500000, 0x00000000e6500000| Untracked 
| 102|0x00000000e6600000, 0x00000000e6600000, 0x00000000e6700000|  0%| F|  |TAMS 0x00000000e6600000, 0x00000000e6600000| Untracked 
| 103|0x00000000e6700000, 0x00000000e6700000, 0x00000000e6800000|  0%| F|  |TAMS 0x00000000e6700000, 0x00000000e6700000| Untracked 
| 104|0x00000000e6800000, 0x00000000e6800000, 0x00000000e6900000|  0%| F|  |TAMS 0x00000000e6800000, 0x00000000e6800000| Untracked 
| 105|0x00000000e6900000, 0x00000000e6900000, 0x00000000e6a00000|  0%| F|  |TAMS 0x00000000e6900000, 0x00000000e6900000| Untracked 
| 106|0x00000000e6a00000, 0x00000000e6a00000, 0x00000000e6b00000|  0%| F|  |TAMS 0x00000000e6a00000, 0x00000000e6a00000| Untracked 
| 107|0x00000000e6b00000, 0x00000000e6b00000, 0x00000000e6c00000|  0%| F|  |TAMS 0x00000000e6b00000, 0x00000000e6b00000| Untracked 
| 108|0x00000000e6c00000, 0x00000000e6c00000, 0x00000000e6d00000|  0%| F|  |TAMS 0x00000000e6c00000, 0x00000000e6c00000| Untracked 
| 109|0x00000000e6d00000, 0x00000000e6d00000, 0x00000000e6e00000|  0%| F|  |TAMS 0x00000000e6d00000, 0x00000000e6d00000| Untracked 
| 110|0x00000000e6e00000, 0x00000000e6e00000, 0x00000000e6f00000|  0%| F|  |TAMS 0x00000000e6e00000, 0x00000000e6e00000| Untracked 
| 111|0x00000000e6f00000, 0x00000000e6f00000, 0x00000000e7000000|  0%| F|  |TAMS 0x00000000e6f00000, 0x00000000e6f00000| Untracked 
| 112|0x00000000e7000000, 0x00000000e7000000, 0x00000000e7100000|  0%| F|  |TAMS 0x00000000e7000000, 0x00000000e7000000| Untracked 
| 113|0x00000000e7100000, 0x00000000e7100000, 0x00000000e7200000|  0%| F|  |TAMS 0x00000000e7100000, 0x00000000e7100000| Untracked 
| 114|0x00000000e7200000, 0x00000000e7200000, 0x00000000e7300000|  0%| F|  |TAMS 0x00000000e7200000, 0x00000000e7200000| Untracked 
| 115|0x00000000e7300000, 0x00000000e7300000, 0x00000000e7400000|  0%| F|  |TAMS 0x00000000e7300000, 0x00000000e7300000| Untracked 
| 116|0x00000000e7400000, 0x00000000e7400000, 0x00000000e7500000|  0%| F|  |TAMS 0x00000000e7400000, 0x00000000e7400000| Untracked 
| 117|0x00000000e7500000, 0x00000000e7500000, 0x00000000e7600000|  0%| F|  |TAMS 0x00000000e7500000, 0x00000000e7500000| Untracked 
| 118|0x00000000e7600000, 0x00000000e7600000, 0x00000000e7700000|  0%| F|  |TAMS 0x00000000e7600000, 0x00000000e7600000| Untracked 
| 119|0x00000000e7700000, 0x00000000e7700000, 0x00000000e7800000|  0%| F|  |TAMS 0x00000000e7700000, 0x00000000e7700000| Untracked 
| 120|0x00000000e7800000, 0x00000000e7800000, 0x00000000e7900000|  0%| F|  |TAMS 0x00000000e7800000, 0x00000000e7800000| Untracked 
| 121|0x00000000e7900000, 0x00000000e7900000, 0x00000000e7a00000|  0%| F|  |TAMS 0x00000000e7900000, 0x00000000e7900000| Untracked 
| 122|0x00000000e7a00000, 0x00000000e7a00000, 0x00000000e7b00000|  0%| F|  |TAMS 0x00000000e7a00000, 0x00000000e7a00000| Untracked 
| 123|0x00000000e7b00000, 0x00000000e7b00000, 0x00000000e7c00000|  0%| F|  |TAMS 0x00000000e7b00000, 0x00000000e7b00000| Untracked 
| 504|0x00000000ff800000, 0x00000000ff900000, 0x00000000ff900000|100%| O|  |TAMS 0x00000000ff800000, 0x00000000ff900000| Untracked 
| 505|0x00000000ff900000, 0x00000000ffa00000, 0x00000000ffa00000|100%| O|  |TAMS 0x00000000ff900000, 0x00000000ffa00000| Untracked 
| 506|0x00000000ffa00000, 0x00000000ffb00000, 0x00000000ffb00000|100%| O|  |TAMS 0x00000000ffb00000, 0x00000000ffb00000| Untracked 
| 507|0x00000000ffb00000, 0x00000000ffc00000, 0x00000000ffc00000|100%| O|  |TAMS 0x00000000ffc00000, 0x00000000ffc00000| Untracked 
| 508|0x00000000ffc00000, 0x00000000ffc00000, 0x00000000ffd00000|  0%| F|  |TAMS 0x00000000ffc00000, 0x00000000ffc00000| Untracked 
| 509|0x00000000ffd00000, 0x00000000ffd00000, 0x00000000ffe00000|  0%| F|  |TAMS 0x00000000ffd00000, 0x00000000ffd00000| Untracked 
| 510|0x00000000ffe00000, 0x00000000ffe00000, 0x00000000fff00000|  0%| F|  |TAMS 0x00000000ffe00000, 0x00000000ffe00000| Untracked 
| 511|0x00000000fff00000, 0x00000000fff00000, 0x0000000100000000|  0%| F|  |TAMS 0x00000000fff00000, 0x00000000fff00000| Untracked 

Card table byte_map: [0x0000023f542d0000,0x0000023f543d0000] _byte_map_base: 0x0000023f53bd0000

Marking Bits (Prev, Next): (CMBitMap*) 0x0000023f3d62cb60, (CMBitMap*) 0x0000023f3d62cba0
 Prev Bits: [0x0000023f544d0000, 0x0000023f54cd0000)
 Next Bits: [0x0000023f54cd0000, 0x0000023f554d0000)

Polling page: 0x0000023f3b5e0000

Metaspace:

Usage:
  Non-class:     26.33 MB used.
      Class:      3.44 MB used.
       Both:     29.77 MB used.

Virtual space:
  Non-class space:       64.00 MB reserved,      26.50 MB ( 41%) committed,  1 nodes.
      Class space:        1.00 GB reserved,       3.62 MB ( <1%) committed,  1 nodes.
             Both:        1.06 GB reserved,      30.12 MB (  3%) committed. 

Chunk freelists:
   Non-Class:  4.89 MB
       Class:  12.37 MB
        Both:  17.26 MB

MaxMetaspaceSize: unlimited
CompressedClassSpaceSize: 1.00 GB
Initial GC threshold: 21.00 MB
Current GC threshold: 50.12 MB
CDS: on
MetaspaceReclaimPolicy: balanced
 - commit_granule_bytes: 65536.
 - commit_granule_words: 8192.
 - virtual_space_node_default_size: 8388608.
 - enlarge_chunks_in_place: 1.
 - new_chunks_are_fully_committed: 0.
 - uncommit_free_chunks: 1.
 - use_allocation_guard: 0.
 - handle_deallocations: 1.


Internal statistics:

num_allocs_failed_limit: 3.
num_arena_births: 230.
num_arena_deaths: 0.
num_vsnodes_births: 2.
num_vsnodes_deaths: 0.
num_space_committed: 482.
num_space_uncommitted: 0.
num_chunks_returned_to_freelist: 3.
num_chunks_taken_from_freelist: 1371.
num_chunk_merges: 3.
num_chunk_splits: 944.
num_chunks_enlarged: 730.
num_inconsistent_stats: 0.

CodeHeap 'non-profiled nmethods': size=120000Kb used=3719Kb max_used=3719Kb free=116280Kb
 bounds [0x0000023f4c970000, 0x0000023f4cd20000, 0x0000023f53ea0000]
CodeHeap 'profiled nmethods': size=120000Kb used=13973Kb max_used=13973Kb free=106026Kb
 bounds [0x0000023f44ea0000, 0x0000023f45c50000, 0x0000023f4c3d0000]
CodeHeap 'non-nmethods': size=5760Kb used=1229Kb max_used=1289Kb free=4531Kb
 bounds [0x0000023f4c3d0000, 0x0000023f4c640000, 0x0000023f4c970000]
 total_blobs=6889 nmethods=6367 adapters=434
 compilation: enabled
              stopped_count=0, restarted_count=0
 full_count=0

Compilation events (20 events):
Event: 10.983 Thread 0x0000023f9da08d80 7277       4       com.sun.tools.javac.code.Symbol$ClassSymbol::<init> (75 bytes)
Event: 10.984 Thread 0x0000023f57ebeae0 nmethod 7272 0x0000023f4cd11610 code [0x0000023f4cd117a0, 0x0000023f4cd11b78]
Event: 10.984 Thread 0x0000023f57ebeae0 7279       4       com.sun.tools.javac.code.Scope$ScopeImpl::enter (108 bytes)
Event: 10.985 Thread 0x0000023f57ecc710 7281       3       java.nio.file.FileTreeWalker::<init> (144 bytes)
Event: 10.986 Thread 0x0000023f57ecc710 nmethod 7281 0x0000023f45c3c910 code [0x0000023f45c3cb80, 0x0000023f45c3da08]
Event: 10.986 Thread 0x0000023f57ecc710 7282       3       java.nio.file.FileTreeWalker::walk (45 bytes)
Event: 10.986 Thread 0x0000023f57ecc710 nmethod 7282 0x0000023f45c3de10 code [0x0000023f45c3dfc0, 0x0000023f45c3e238]
Event: 10.986 Thread 0x0000023f57ecc710 7283   !   3       java.nio.file.FileTreeWalker::wouldLoop (79 bytes)
Event: 10.987 Thread 0x0000023f57ecc710 nmethod 7283 0x0000023f45c3e390 code [0x0000023f45c3e5e0, 0x0000023f45c3f078]
Event: 10.994 Thread 0x0000023f57ecc710 7288   !   3       com.sun.tools.javac.code.ClassFinder::getSupplementaryFlags (192 bytes)
Event: 10.995 Thread 0x0000023f57ecc710 nmethod 7288 0x0000023f45c3f490 code [0x0000023f45c3f760, 0x0000023f45c40bc8]
Event: 10.995 Thread 0x0000023f57ecc710 7290       3       com.sun.tools.javac.code.ClassFinder$$Lambda$258/0x0000023f5929bb50::complete (9 bytes)
Event: 10.995 Thread 0x0000023f57ecc710 nmethod 7290 0x0000023f45c41310 code [0x0000023f45c414c0, 0x0000023f45c41608]
Event: 10.995 Thread 0x0000023f57ecc710 7289   !   3       com.sun.tools.javac.jvm.ClassReader::readClassFile (560 bytes)
Event: 10.997 Thread 0x0000023f57ecc710 nmethod 7289 0x0000023f45c41710 code [0x0000023f45c41d20, 0x0000023f45c45b88]
Event: 10.999 Thread 0x0000023f57ecc710 7291  s    3       com.sun.tools.javac.file.BaseFileManager::updateLastUsedTime (17 bytes)
Event: 11.000 Thread 0x0000023f57ecc710 nmethod 7291 0x0000023f45c47a10 code [0x0000023f45c47ba0, 0x0000023f45c47dd8]
Event: 11.000 Thread 0x0000023f57ecc710 7294       3       com.sun.tools.javac.jvm.ClassReader$$Lambda$356/0x0000023f5931fa20::apply (9 bytes)
Event: 11.000 Thread 0x0000023f57ecc710 nmethod 7294 0x0000023f45c47e90 code [0x0000023f45c48040, 0x0000023f45c48308]
Event: 11.000 Thread 0x0000023f57ecc710 7292       3       com.sun.tools.javac.comp.Check::validateAnnotation (723 bytes)

GC Heap History (20 events):
Event: 6.466 GC heap after
{Heap after GC invocations=5 (full 0):
 garbage-first heap   total 126976K, used 24327K [0x00000000e0000000, 0x0000000100000000)
  region size 1024K, 9 young (9216K), 9 survivors (9216K)
 Metaspace       used 21208K, committed 21504K, reserved 1114112K
  class space    used 2495K, committed 2624K, reserved 1048576K
}
Event: 7.584 GC heap before
{Heap before GC invocations=6 (full 0):
 garbage-first heap   total 89088K, used 70407K [0x00000000e0000000, 0x0000000100000000)
  region size 1024K, 52 young (53248K), 9 survivors (9216K)
 Metaspace       used 25943K, committed 26240K, reserved 1114112K
  class space    used 3017K, committed 3136K, reserved 1048576K
}
Event: 7.614 GC heap after
{Heap after GC invocations=7 (full 0):
 garbage-first heap   total 95232K, used 39217K [0x00000000e0000000, 0x0000000100000000)
  region size 1024K, 7 young (7168K), 7 survivors (7168K)
 Metaspace       used 25943K, committed 26240K, reserved 1114112K
  class space    used 3017K, committed 3136K, reserved 1048576K
}
Event: 8.310 GC heap before
{Heap before GC invocations=7 (full 0):
 garbage-first heap   total 95232K, used 68913K [0x00000000e0000000, 0x0000000100000000)
  region size 1024K, 35 young (35840K), 7 survivors (7168K)
 Metaspace       used 26869K, committed 27200K, reserved 1114112K
  class space    used 3097K, committed 3264K, reserved 1048576K
}
Event: 8.332 GC heap after
{Heap after GC invocations=8 (full 0):
 garbage-first heap   total 95232K, used 45429K [0x00000000e0000000, 0x0000000100000000)
  region size 1024K, 5 young (5120K), 5 survivors (5120K)
 Metaspace       used 26869K, committed 27200K, reserved 1114112K
  class space    used 3097K, committed 3264K, reserved 1048576K
}
Event: 8.972 GC heap before
{Heap before GC invocations=8 (full 0):
 garbage-first heap   total 95232K, used 68981K [0x00000000e0000000, 0x0000000100000000)
  region size 1024K, 29 young (29696K), 5 survivors (5120K)
 Metaspace       used 28048K, committed 28416K, reserved 1114112K
  class space    used 3235K, committed 3392K, reserved 1048576K
}
Event: 8.977 GC heap after
{Heap after GC invocations=9 (full 0):
 garbage-first heap   total 95232K, used 45834K [0x00000000e0000000, 0x0000000100000000)
  region size 1024K, 1 young (1024K), 1 survivors (1024K)
 Metaspace       used 28048K, committed 28416K, reserved 1114112K
  class space    used 3235K, committed 3392K, reserved 1048576K
}
Event: 9.321 GC heap before
{Heap before GC invocations=9 (full 0):
 garbage-first heap   total 95232K, used 72458K [0x00000000e0000000, 0x0000000100000000)
  region size 1024K, 27 young (27648K), 1 survivors (1024K)
 Metaspace       used 28788K, committed 29120K, reserved 1114112K
  class space    used 3312K, committed 3456K, reserved 1048576K
}
Event: 9.326 GC heap after
{Heap after GC invocations=10 (full 0):
 garbage-first heap   total 95232K, used 45941K [0x00000000e0000000, 0x0000000100000000)
  region size 1024K, 1 young (1024K), 1 survivors (1024K)
 Metaspace       used 28788K, committed 29120K, reserved 1114112K
  class space    used 3312K, committed 3456K, reserved 1048576K
}
Event: 10.036 GC heap before
{Heap before GC invocations=11 (full 0):
 garbage-first heap   total 95232K, used 61301K [0x00000000e0000000, 0x0000000100000000)
  region size 1024K, 17 young (17408K), 1 survivors (1024K)
 Metaspace       used 30190K, committed 30528K, reserved 1114112K
  class space    used 3509K, committed 3648K, reserved 1048576K
}
Event: 10.043 GC heap after
{Heap after GC invocations=12 (full 0):
 garbage-first heap   total 95232K, used 47073K [0x00000000e0000000, 0x0000000100000000)
  region size 1024K, 3 young (3072K), 3 survivors (3072K)
 Metaspace       used 30190K, committed 30528K, reserved 1114112K
  class space    used 3509K, committed 3648K, reserved 1048576K
}
Event: 10.475 GC heap before
{Heap before GC invocations=13 (full 0):
 garbage-first heap   total 95232K, used 58337K [0x00000000e0000000, 0x0000000100000000)
  region size 1024K, 13 young (13312K), 3 survivors (3072K)
 Metaspace       used 30362K, committed 30784K, reserved 1114112K
  class space    used 3523K, committed 3712K, reserved 1048576K
}
Event: 10.484 GC heap after
{Heap after GC invocations=14 (full 0):
 garbage-first heap   total 95232K, used 47840K [0x00000000e0000000, 0x0000000100000000)
  region size 1024K, 3 young (3072K), 3 survivors (3072K)
 Metaspace       used 30362K, committed 30784K, reserved 1114112K
  class space    used 3523K, committed 3712K, reserved 1048576K
}
Event: 10.743 GC heap before
{Heap before GC invocations=15 (full 0):
 garbage-first heap   total 95232K, used 79584K [0x00000000e0000000, 0x0000000100000000)
  region size 1024K, 29 young (29696K), 3 survivors (3072K)
 Metaspace       used 30440K, committed 30848K, reserved 1114112K
  class space    used 3525K, committed 3712K, reserved 1048576K
}
Event: 10.766 GC heap after
{Heap after GC invocations=16 (full 0):
 garbage-first heap   total 97280K, used 66679K [0x00000000e0000000, 0x0000000100000000)
  region size 1024K, 4 young (4096K), 4 survivors (4096K)
 Metaspace       used 30440K, committed 30848K, reserved 1114112K
  class space    used 3525K, committed 3712K, reserved 1048576K
}
Event: 10.769 GC heap before
{Heap before GC invocations=16 (full 0):
 garbage-first heap   total 97280K, used 67703K [0x00000000e0000000, 0x0000000100000000)
  region size 1024K, 5 young (5120K), 4 survivors (4096K)
 Metaspace       used 30440K, committed 30848K, reserved 1114112K
  class space    used 3525K, committed 3712K, reserved 1048576K
}
Event: 10.780 GC heap after
{Heap after GC invocations=17 (full 0):
 garbage-first heap   total 97280K, used 59976K [0x00000000e0000000, 0x0000000100000000)
  region size 1024K, 1 young (1024K), 1 survivors (1024K)
 Metaspace       used 30440K, committed 30848K, reserved 1114112K
  class space    used 3525K, committed 3712K, reserved 1048576K
}
Event: 10.820 GC heap before
{Heap before GC invocations=17 (full 0):
 garbage-first heap   total 97280K, used 64072K [0x00000000e0000000, 0x0000000100000000)
  region size 1024K, 4 young (4096K), 1 survivors (1024K)
 Metaspace       used 30447K, committed 30848K, reserved 1114112K
  class space    used 3525K, committed 3712K, reserved 1048576K
}
Event: 10.831 GC heap after
{Heap after GC invocations=18 (full 0):
 garbage-first heap   total 97280K, used 56832K [0x00000000e0000000, 0x0000000100000000)
  region size 1024K, 1 young (1024K), 1 survivors (1024K)
 Metaspace       used 30447K, committed 30848K, reserved 1114112K
  class space    used 3525K, committed 3712K, reserved 1048576K
}
Event: 11.002 GC heap before
{Heap before GC invocations=18 (full 0):
 garbage-first heap   total 97280K, used 74240K [0x00000000e0000000, 0x0000000100000000)
  region size 1024K, 18 young (18432K), 1 survivors (1024K)
 Metaspace       used 30483K, committed 30848K, reserved 1114112K
  class space    used 3525K, committed 3712K, reserved 1048576K
}

Deoptimization events (20 events):
Event: 10.593 Thread 0x0000023f3d5fe7d0 Uncommon trap: trap_request=0xffffffc6 fr.pc=0x0000023f4cc822fc relative=0x000000000000139c
Event: 10.593 Thread 0x0000023f3d5fe7d0 Uncommon trap: reason=bimorphic_or_optimized_type_check action=maybe_recompile pc=0x0000023f4cc822fc method=com.sun.tools.javac.code.ClassFinder.fillIn(Lcom/sun/tools/javac/code/Symbol$ClassSymbol;)V @ 148 c2
Event: 10.593 Thread 0x0000023f3d5fe7d0 DEOPT PACKING pc=0x0000023f4cc822fc sp=0x000000ee2e0fd280
Event: 10.593 Thread 0x0000023f3d5fe7d0 DEOPT UNPACKING pc=0x0000023f4c425ba3 sp=0x000000ee2e0fd250 mode 2
Event: 10.626 Thread 0x0000023f3d5fe7d0 DEOPT PACKING pc=0x0000023f45be61e7 sp=0x000000ee2e0fc560
Event: 10.626 Thread 0x0000023f3d5fe7d0 DEOPT UNPACKING pc=0x0000023f4c4266e3 sp=0x000000ee2e0fbaf0 mode 0
Event: 10.688 Thread 0x0000023f3d5fe7d0 DEOPT PACKING pc=0x0000023f45be61e7 sp=0x000000ee2e0fc560
Event: 10.688 Thread 0x0000023f3d5fe7d0 DEOPT UNPACKING pc=0x0000023f4c4266e3 sp=0x000000ee2e0fbaf0 mode 0
Event: 10.842 Thread 0x0000023f3d5fe7d0 DEOPT PACKING pc=0x0000023f45be61e7 sp=0x000000ee2e0fc560
Event: 10.842 Thread 0x0000023f3d5fe7d0 DEOPT UNPACKING pc=0x0000023f4c4266e3 sp=0x000000ee2e0fbaf0 mode 0
Event: 10.977 Thread 0x0000023f3d5fe7d0 DEOPT PACKING pc=0x0000023f459dc460 sp=0x000000ee2e0fc820
Event: 10.977 Thread 0x0000023f3d5fe7d0 DEOPT UNPACKING pc=0x0000023f4c4266e3 sp=0x000000ee2e0fbd28 mode 0
Event: 10.989 Thread 0x0000023f3d5fe7d0 Uncommon trap: trap_request=0xffffff45 fr.pc=0x0000023f4cc7b2f4 relative=0x0000000000002df4
Event: 10.989 Thread 0x0000023f3d5fe7d0 Uncommon trap: reason=unstable_if action=reinterpret pc=0x0000023f4cc7b2f4 method=com.sun.tools.javac.code.ClassFinder.complete(Lcom/sun/tools/javac/code/Symbol;)V @ 155 c2
Event: 10.989 Thread 0x0000023f3d5fe7d0 DEOPT PACKING pc=0x0000023f4cc7b2f4 sp=0x000000ee2e0fc470
Event: 10.989 Thread 0x0000023f3d5fe7d0 DEOPT UNPACKING pc=0x0000023f4c425ba3 sp=0x000000ee2e0fc3f8 mode 2
Event: 11.002 Thread 0x0000023f3d5fe7d0 Uncommon trap: trap_request=0xffffff45 fr.pc=0x0000023f4cc86c8c relative=0x0000000000002c8c
Event: 11.002 Thread 0x0000023f3d5fe7d0 Uncommon trap: reason=unstable_if action=reinterpret pc=0x0000023f4cc86c8c method=com.sun.tools.javac.code.ClassFinder.complete(Lcom/sun/tools/javac/code/Symbol;)V @ 155 c2
Event: 11.002 Thread 0x0000023f3d5fe7d0 DEOPT PACKING pc=0x0000023f4cc86c8c sp=0x000000ee2e0fc820
Event: 11.002 Thread 0x0000023f3d5fe7d0 DEOPT UNPACKING pc=0x0000023f4c425ba3 sp=0x000000ee2e0fc810 mode 2

Classes unloaded (0 events):
No events

Classes redefined (0 events):
No events

Internal exceptions (20 events):
Event: 10.997 Thread 0x0000023f3d5fe7d0 Exception <a 'sun/nio/fs/WindowsException'{0x00000000e4a45cc8}> (0x00000000e4a45cc8) 
thrown [s\open\src\hotspot\share\prims\jni.cpp, line 516]
Event: 10.997 Thread 0x0000023f3d5fe7d0 Exception <a 'sun/nio/fs/WindowsException'{0x00000000e4a45ff8}> (0x00000000e4a45ff8) 
thrown [s\open\src\hotspot\share\prims\jni.cpp, line 516]
Event: 10.997 Thread 0x0000023f3d5fe7d0 Exception <a 'sun/nio/fs/WindowsException'{0x00000000e4a47170}> (0x00000000e4a47170) 
thrown [s\open\src\hotspot\share\prims\jni.cpp, line 516]
Event: 10.997 Thread 0x0000023f3d5fe7d0 Exception <a 'sun/nio/fs/WindowsException'{0x00000000e4a47480}> (0x00000000e4a47480) 
thrown [s\open\src\hotspot\share\prims\jni.cpp, line 516]
Event: 10.997 Thread 0x0000023f3d5fe7d0 Exception <a 'sun/nio/fs/WindowsException'{0x00000000e4a4f4e8}> (0x00000000e4a4f4e8) 
thrown [s\open\src\hotspot\share\prims\jni.cpp, line 516]
Event: 10.997 Thread 0x0000023f3d5fe7d0 Exception <a 'sun/nio/fs/WindowsException'{0x00000000e4a4f7a8}> (0x00000000e4a4f7a8) 
thrown [s\open\src\hotspot\share\prims\jni.cpp, line 516]
Event: 10.997 Thread 0x0000023f3d5fe7d0 Exception <a 'sun/nio/fs/WindowsException'{0x00000000e4a67968}> (0x00000000e4a67968) 
thrown [s\open\src\hotspot\share\prims\jni.cpp, line 516]
Event: 10.997 Thread 0x0000023f3d5fe7d0 Exception <a 'sun/nio/fs/WindowsException'{0x00000000e4a67c68}> (0x00000000e4a67c68) 
thrown [s\open\src\hotspot\share\prims\jni.cpp, line 516]
Event: 10.997 Thread 0x0000023f3d5fe7d0 Exception <a 'sun/nio/fs/WindowsException'{0x00000000e4a68ea0}> (0x00000000e4a68ea0) 
thrown [s\open\src\hotspot\share\prims\jni.cpp, line 516]
Event: 10.997 Thread 0x0000023f3d5fe7d0 Exception <a 'sun/nio/fs/WindowsException'{0x00000000e4a69270}> (0x00000000e4a69270) 
thrown [s\open\src\hotspot\share\prims\jni.cpp, line 516]
Event: 10.998 Thread 0x0000023f3d5fe7d0 Exception <a 'sun/nio/fs/WindowsException'{0x00000000e4a6c270}> (0x00000000e4a6c270) 
thrown [s\open\src\hotspot\share\prims\jni.cpp, line 516]
Event: 10.998 Thread 0x0000023f3d5fe7d0 Exception <a 'sun/nio/fs/WindowsException'{0x00000000e4a6c5b8}> (0x00000000e4a6c5b8) 
thrown [s\open\src\hotspot\share\prims\jni.cpp, line 516]
Event: 10.998 Thread 0x0000023f3d5fe7d0 Exception <a 'sun/nio/fs/WindowsException'{0x00000000e4a6d758}> (0x00000000e4a6d758) 
thrown [s\open\src\hotspot\share\prims\jni.cpp, line 516]
Event: 10.998 Thread 0x0000023f3d5fe7d0 Exception <a 'sun/nio/fs/WindowsException'{0x00000000e4a6da80}> (0x00000000e4a6da80) 
thrown [s\open\src\hotspot\share\prims\jni.cpp, line 516]
Event: 10.998 Thread 0x0000023f3d5fe7d0 Exception <a 'sun/nio/fs/WindowsException'{0x00000000e4a7a0d0}> (0x00000000e4a7a0d0) 
thrown [s\open\src\hotspot\share\prims\jni.cpp, line 516]
Event: 10.998 Thread 0x0000023f3d5fe7d0 Exception <a 'sun/nio/fs/WindowsException'{0x00000000e4a7a3a0}> (0x00000000e4a7a3a0) 
thrown [s\open\src\hotspot\share\prims\jni.cpp, line 516]
Event: 10.998 Thread 0x0000023f3d5fe7d0 Exception <a 'sun/nio/fs/WindowsException'{0x00000000e4aa0940}> (0x00000000e4aa0940) 
thrown [s\open\src\hotspot\share\prims\jni.cpp, line 516]
Event: 10.998 Thread 0x0000023f3d5fe7d0 Exception <a 'sun/nio/fs/WindowsException'{0x00000000e4aa0c60}> (0x00000000e4aa0c60) 
thrown [s\open\src\hotspot\share\prims\jni.cpp, line 516]
Event: 10.998 Thread 0x0000023f3d5fe7d0 Exception <a 'sun/nio/fs/WindowsException'{0x00000000e4aa1ec0}> (0x00000000e4aa1ec0) 
thrown [s\open\src\hotspot\share\prims\jni.cpp, line 516]
Event: 10.998 Thread 0x0000023f3d5fe7d0 Exception <a 'sun/nio/fs/WindowsException'{0x00000000e4aa22a8}> (0x00000000e4aa22a8) 
thrown [s\open\src\hotspot\share\prims\jni.cpp, line 516]

VM Operations (20 events):
Event: 10.029 Executing VM operation: ICBufferFull done
Event: 10.035 Executing VM operation: G1TryInitiateConcMark
Event: 10.043 Executing VM operation: G1TryInitiateConcMark done
Event: 10.095 Executing VM operation: G1Concurrent
Event: 10.104 Executing VM operation: G1Concurrent done
Event: 10.132 Executing VM operation: G1Concurrent
Event: 10.132 Executing VM operation: G1Concurrent done
Event: 10.474 Executing VM operation: G1TryInitiateConcMark
Event: 10.484 Executing VM operation: G1TryInitiateConcMark done
Event: 10.514 Executing VM operation: G1Concurrent
Event: 10.522 Executing VM operation: G1Concurrent done
Event: 10.540 Executing VM operation: G1Concurrent
Event: 10.540 Executing VM operation: G1Concurrent done
Event: 10.743 Executing VM operation: G1CollectForAllocation
Event: 10.766 Executing VM operation: G1CollectForAllocation done
Event: 10.769 Executing VM operation: G1CollectForAllocation
Event: 10.780 Executing VM operation: G1CollectForAllocation done
Event: 10.820 Executing VM operation: G1CollectForAllocation
Event: 10.831 Executing VM operation: G1CollectForAllocation done
Event: 11.002 Executing VM operation: G1CollectForAllocation

Events (20 events):
Event: 9.181 loading class java/util/regex/Pattern$Loop
Event: 9.181 loading class java/util/regex/Pattern$Loop done
Event: 9.181 loading class java/util/regex/Pattern$LazyLoop done
Event: 9.181 loading class java/util/regex/Pattern$Prolog
Event: 9.181 loading class java/util/regex/Pattern$Prolog done
Event: 9.219 Thread 0x0000023f9da08830 Thread added: 0x0000023f9da08830
Event: 9.477 loading class java/util/function/ToIntBiFunction
Event: 9.477 loading class java/util/function/ToIntBiFunction done
Event: 9.489 loading class java/nio/file/Path$1
Event: 9.489 loading class java/nio/file/Path$1 done
Event: 9.559 loading class java/util/stream/ReduceOps$2
Event: 9.559 loading class java/util/stream/ReduceOps$2 done
Event: 9.559 loading class java/util/stream/ReduceOps$2ReducingSink
Event: 9.559 loading class java/util/stream/ReduceOps$2ReducingSink done
Event: 10.146 loading class java/util/EnumMap$Values
Event: 10.146 loading class java/util/EnumMap$Values done
Event: 10.147 loading class java/util/EnumMap$ValueIterator
Event: 10.147 loading class java/util/EnumMap$ValueIterator done
Event: 10.152 loading class java/util/WeakHashMap$KeyIterator
Event: 10.153 loading class java/util/WeakHashMap$KeyIterator done


Dynamic libraries:
0x00007ff668480000 - 0x00007ff668490000 	C:\Program Files\Java\jdk-17\bin\java.exe
0x00007ff908630000 - 0x00007ff908847000 	C:\WINDOWS\SYSTEM32\ntdll.dll
0x00007ff8fe500000 - 0x00007ff8fe51a000 	C:\Program Files\Avast Software\Avast\aswhook.dll
0x00007ff9075b0000 - 0x00007ff907674000 	C:\WINDOWS\System32\KERNEL32.DLL
0x00007ff905de0000 - 0x00007ff9061b3000 	C:\WINDOWS\System32\KERNELBASE.dll
0x00007ff905cc0000 - 0x00007ff905dd1000 	C:\WINDOWS\System32\ucrtbase.dll
0x00007ff8f96f0000 - 0x00007ff8f970b000 	C:\Program Files\Java\jdk-17\bin\VCRUNTIME140.dll
0x00007ff8f0810000 - 0x00007ff8f0829000 	C:\Program Files\Java\jdk-17\bin\jli.dll
0x00007ff907320000 - 0x00007ff9073d1000 	C:\WINDOWS\System32\ADVAPI32.dll
0x00007ff907270000 - 0x00007ff907317000 	C:\WINDOWS\System32\msvcrt.dll
0x00007ff907030000 - 0x00007ff9070d8000 	C:\WINDOWS\System32\sechost.dll
0x00007ff905a30000 - 0x00007ff905a58000 	C:\WINDOWS\System32\bcrypt.dll
0x00007ff907a80000 - 0x00007ff907b94000 	C:\WINDOWS\System32\RPCRT4.dll
0x00007ff908140000 - 0x00007ff9082f1000 	C:\WINDOWS\System32\USER32.dll
0x00007ff905890000 - 0x00007ff9058b6000 	C:\WINDOWS\System32\win32u.dll
0x00007ff8da390000 - 0x00007ff8da628000 	C:\WINDOWS\WinSxS\amd64_microsoft.windows.common-controls_6595b64144ccf1df_6.0.22621.5124_none_270e8f4f7386d69d\COMCTL32.dll
0x00007ff9071f0000 - 0x00007ff907219000 	C:\WINDOWS\System32\GDI32.dll
0x00007ff9061c0000 - 0x00007ff9062db000 	C:\WINDOWS\System32\gdi32full.dll
0x00007ff905ae0000 - 0x00007ff905b7a000 	C:\WINDOWS\System32\msvcp_win.dll
0x00007ff8fa1d0000 - 0x00007ff8fa1da000 	C:\WINDOWS\SYSTEM32\VERSION.dll
0x00007ff907220000 - 0x00007ff907251000 	C:\WINDOWS\System32\IMM32.DLL
0x00007ff902470000 - 0x00007ff90247c000 	C:\Program Files\Java\jdk-17\bin\vcruntime140_1.dll
0x00007ff8dc0c0000 - 0x00007ff8dc14e000 	C:\Program Files\Java\jdk-17\bin\msvcp140.dll
0x00007ff89e480000 - 0x00007ff89f05f000 	C:\Program Files\Java\jdk-17\bin\server\jvm.dll
0x00007ff906300000 - 0x00007ff906308000 	C:\WINDOWS\System32\PSAPI.DLL
0x00007ff8fbd60000 - 0x00007ff8fbd94000 	C:\WINDOWS\SYSTEM32\WINMM.dll
0x00007ff8e4340000 - 0x00007ff8e4349000 	C:\WINDOWS\SYSTEM32\WSOCK32.dll
0x00007ff907ee0000 - 0x00007ff907f51000 	C:\WINDOWS\System32\WS2_32.dll
0x00007ff904760000 - 0x00007ff904778000 	C:\WINDOWS\SYSTEM32\kernel.appcore.dll
0x00007ff8fbf70000 - 0x00007ff8fbf7a000 	C:\Program Files\Java\jdk-17\bin\jimage.dll
0x00007ff903130000 - 0x00007ff903362000 	C:\WINDOWS\SYSTEM32\DBGHELP.DLL
0x00007ff907680000 - 0x00007ff907a12000 	C:\WINDOWS\System32\combase.dll
0x00007ff907d70000 - 0x00007ff907e47000 	C:\WINDOWS\System32\OLEAUT32.dll
0x00007ff8f9fb0000 - 0x00007ff8f9fe2000 	C:\WINDOWS\SYSTEM32\dbgcore.DLL
0x00007ff905c40000 - 0x00007ff905cbb000 	C:\WINDOWS\System32\bcryptPrimitives.dll
0x00007ff8de440000 - 0x00007ff8de465000 	C:\Program Files\Java\jdk-17\bin\java.dll
0x00007ff8dc150000 - 0x00007ff8dc227000 	C:\Program Files\Java\jdk-17\bin\jsvml.dll
0x00007ff906310000 - 0x00007ff906ba6000 	C:\WINDOWS\System32\SHELL32.dll
0x00007ff905750000 - 0x00007ff90588f000 	C:\WINDOWS\System32\wintypes.dll
0x00007ff903630000 - 0x00007ff903f4a000 	C:\WINDOWS\SYSTEM32\windows.storage.dll
0x00007ff9070e0000 - 0x00007ff9071ea000 	C:\WINDOWS\System32\SHCORE.dll
0x00007ff9080d0000 - 0x00007ff908133000 	C:\WINDOWS\System32\shlwapi.dll
0x00007ff905680000 - 0x00007ff9056ab000 	C:\WINDOWS\SYSTEM32\profapi.dll
0x00007ff8f11a0000 - 0x00007ff8f11b9000 	C:\Program Files\Java\jdk-17\bin\net.dll
0x00007ff8fea50000 - 0x00007ff8feb7c000 	C:\WINDOWS\SYSTEM32\WINHTTP.dll
0x00007ff904c00000 - 0x00007ff904c6a000 	C:\WINDOWS\system32\mswsock.dll
0x00007ff8f10b0000 - 0x00007ff8f10c6000 	C:\Program Files\Java\jdk-17\bin\nio.dll
0x00007ff8ee380000 - 0x00007ff8ee398000 	C:\Program Files\Java\jdk-17\bin\zip.dll
0x00007ff8f08d0000 - 0x00007ff8f08f4000 	C:\Users\engon\AppData\Roaming\Code\User\globalStorage\pleiades.java-extension-pack-jdk\maven\latest\lib\jansi-native\Windows\x86_64\jansi.dll
0x00007ff8fbe70000 - 0x00007ff8fbe80000 	C:\Program Files\Java\jdk-17\bin\verify.dll
0x00007ff904890000 - 0x00007ff9048c4000 	C:\WINDOWS\SYSTEM32\ntmarta.dll

dbghelp: loaded successfully - version: 4.0.5 - missing functions: none
symbol engine: initialized successfully - sym options: 0x614 - pdb path: .;C:\Program Files\Java\jdk-17\bin;C:\WINDOWS\SYSTEM32;C:\Program Files\Avast Software\Avast;C:\WINDOWS\WinSxS\amd64_microsoft.windows.common-controls_6595b64144ccf1df_6.0.22621.5124_none_270e8f4f7386d69d;C:\Program Files\Java\jdk-17\bin\server;C:\Users\engon\AppData\Roaming\Code\User\globalStorage\pleiades.java-extension-pack-jdk\maven\latest\lib\jansi-native\Windows\x86_64

VM Arguments:
jvm_args: -Xmx512m -Dclassworlds.conf=C:\Users\engon\AppData\Roaming\Code\User\globalStorage\pleiades.java-extension-pack-jdk\maven\latest\bin\m2.conf -Dmaven.home=C:\Users\engon\AppData\Roaming\Code\User\globalStorage\pleiades.java-extension-pack-jdk\maven\latest -Dlibrary.jansi.path=C:\Users\engon\AppData\Roaming\Code\User\globalStorage\pleiades.java-extension-pack-jdk\maven\latest\lib\jansi-native -Dmaven.multiModuleProjectDirectory=D:\SpringRestdemo\SpringRestdemo 
java_command: org.codehaus.plexus.classworlds.launcher.Launcher clean install
java_class_path (initial): C:\Users\engon\AppData\Roaming\Code\User\globalStorage\pleiades.java-extension-pack-jdk\maven\latest\boot\plexus-classworlds-2.8.0.jar
Launcher Type: SUN_STANDARD

[Global flags]
     intx CICompilerCount                          = 4                                         {product} {ergonomic}
     uint ConcGCThreads                            = 2                                         {product} {ergonomic}
     uint G1ConcRefinementThreads                  = 8                                         {product} {ergonomic}
   size_t G1HeapRegionSize                         = 1048576                                   {product} {ergonomic}
    uintx GCDrainStackTargetSize                   = 64                                        {product} {ergonomic}
   size_t InitialHeapSize                          = 130023424                                 {product} {ergonomic}
   size_t MarkStackSize                            = 4194304                                   {product} {ergonomic}
   size_t MaxHeapSize                              = 536870912                                 {product} {command line}
   size_t MaxNewSize                               = 321912832                                 {product} {ergonomic}
   size_t MinHeapDeltaBytes                        = 1048576                                   {product} {ergonomic}
   size_t MinHeapSize                              = 8388608                                   {product} {ergonomic}
    uintx NonNMethodCodeHeapSize                   = 5839372                                {pd product} {ergonomic}
    uintx NonProfiledCodeHeapSize                  = 122909434                              {pd product} {ergonomic}
    uintx ProfiledCodeHeapSize                     = 122909434                              {pd product} {ergonomic}
    uintx ReservedCodeCacheSize                    = 251658240                              {pd product} {ergonomic}
     bool SegmentedCodeCache                       = true                                      {product} {ergonomic}
   size_t SoftMaxHeapSize                          = 536870912                              {manageable} {ergonomic}
     bool UseCompressedClassPointers               = true                           {product lp64_product} {ergonomic}
     bool UseCompressedOops                        = true                           {product lp64_product} {ergonomic}
     bool UseG1GC                                  = true                                      {product} {ergonomic}
     bool UseLargePagesIndividualAllocation        = false                                  {pd product} {ergonomic}

Logging:
Log output configuration:
 #0: stdout all=warning uptime,level,tags
 #1: stderr all=off uptime,level,tags

Environment Variables:
JAVA_HOME=C:\Program Files\Java\jdk-17
PATH=C:\Users\engon\AppData\Roaming\Code\User\globalStorage\pleiades.java-extension-pack-jdk\gradle\latest\bin;C:\Users\engon\AppData\Roaming\Code\User\globalStorage\pleiades.java-extension-pack-jdk\maven\latest\bin;C:\Program Files\Java\jdk-17\bin;C:\Program Files\Eclipse Adoptium\jdk-17.0.14.7-hotspot\bin;C:\Users\Joan\AppData\Local\Programs\Python\Python312\Scripts\;C:\Users\Joan\AppData\Local\Programs\Python\Python312\;C:\Program Files\Java\jdk-17\bin;C:\Program Files\Java\jdk-17\bin;C:\ProgramData\Oracle\Java\javapath;C:\Program Files\Common Files\Oracle\Java\javapath;C:\Program Files (x86)\Common Files\Oracle\Java\java8path;C:\Program Files (x86)\Common Files\Oracle\Java\javapath;C:\Users\engon\Favorites\Downloads\Oraclem19c\WINDOWS.X64_213000_db_home\bin;C:\Program Files\Python311\Scripts\;C:\Program Files\Python311\;C:\WINDOWS\system32;C:\WINDOWS;C:\WINDOWS\System32\Wbem;C:\WINDOWS\System32\WindowsPowerShell\v1.0;C:\WINDOWS\System32\OpenSSH\;C:\Program Files\Cloudflare\Cloudflare WARP\;C:\Program Files\Java\jdk-19\bin;C:\Program Files\HP\HP One Agent;C:\Program Files\Git\cmd;C:\Program Files\Java\jdk-11\bin;C:\Program Files\Git\bin;C:\Program Files\VisualSVN Server\bin;C:\Program Files\TortoiseSVN\bin;C:\Program Files\Microsoft SQL Server\150\Tools\Binn\;C:\Program Files (x86)\Windows Kits\10\Windows Per;C:\Users\engon\flutter\bin;C:\Users\engon\AppData\Local\Android\Sdk\platform-tools;C:\Users\engon\AppData\Local\Pub\Cache\bin;C:\Program Files\nodejs\;C:\Users\Joan\AppData\Local\Programs\Microsoft VS Code\bin;D:\flutter\bin;C:\Users\Joan\AppData\Local\Programs\Python\Python312\Scripts\;C:\Users\Joan\AppData\Local\Programs\Python\Python312\;C:\Program Files\Java\jdk-17\bin;C:\Program Files\Java\jdk-17\bin;C:\ProgramData\Oracle\Java\javapath;C:\Program Files\Common Files\Oracle\Java\javapath;C:\Program Files (x86)\Common Files\Oracle\Java\java8path;C:\Program Files (x86)\Common Files\Oracle\Java\javapath;C:\Users\engon\Favorites\Downloads\Oraclem19c\WINDOWS.X64_
USERNAME=CRISS
LANG=en_US.UTF-8
OS=Windows_NT
PROCESSOR_IDENTIFIER=Intel64 Family 6 Model 140 Stepping 1, GenuineIntel



---------------  S Y S T E M  ---------------

OS:
 Windows 11 , 64 bit Build 22621 (10.0.22621.5124)
OS uptime: 0 days 16:39 hours
Hyper-V role detected

CPU: total 8 (initial active 8) (4 cores per cpu, 2 threads per core) family 6 model 140 stepping 1 microcode 0xb4, cx8, cmov, fxsr, ht, mmx, 3dnowpref, sse, sse2, sse3, ssse3, sse4.1, sse4.2, popcnt, lzcnt, tsc, tscinvbit, avx, avx2, aes, erms, clmul, bmi1, bmi2, adx, avx512f, avx512dq, avx512cd, avx512bw, avx512vl, sha, fma, vzeroupper, avx512_vpopcntdq, avx512_vpclmulqdq, avx512_vaes, avx512_vnni, clflush, clflushopt, clwb, avx512_vbmi2, avx512_vbmi, hv

Memory: 4k page, system-wide physical 7831M (510M free)
TotalPageFile size 31383M (AvailPageFile size 73M)
current process WorkingSet (physical memory assigned to process): 252M, peak: 255M
current process commit charge ("private bytes"): 322M, peak: 445M

vm_info: Java HotSpot(TM) 64-Bit Server VM (17.0.10+11-LTS-240) for windows-amd64 JRE (17.0.10+11-LTS-240), built on Dec 19 2023 21:47:25 by "mach5one" with MS VC++ 17.1 (VS2022)

END.
