#
# There is insufficient memory for the Java Runtime Environment to continue.
# Native memory allocation (malloc) failed to allocate 1037056 bytes for Chunk::new
# Possible reasons:
#   The system is out of physical RAM or swap space
#   The process is running with CompressedOops enabled, and the Java Heap may be blocking the growth of the native heap
# Possible solutions:
#   Reduce memory load on the system
#   Increase physical memory or swap space
#   Check if swap backing store is full
#   Decrease Java heap size (-Xmx/-Xms)
#   Decrease number of Java threads
#   Decrease Java thread stack sizes (-Xss)
#   Set larger code cache with -XX:ReservedCodeCacheSize=
#   JVM is running with Unscaled Compressed Oops mode in which the Java heap is
#     placed in the first 4GB address space. The Java Heap base address is the
#     maximum limit for the native heap growth. Please use -XX:HeapBaseMinAddress
#     to set the Java Heap base and to place the Java Heap above 4GB virtual address.
# This output file may be truncated or incomplete.
#
#  Out of Memory Error (arena.cpp:189), pid=25932, tid=28512
#
# JRE version: Java(TM) SE Runtime Environment (17.0.10+11) (build 17.0.10+11-LTS-240)
# Java VM: Java HotSpot(TM) 64-Bit Server VM (17.0.10+11-LTS-240, mixed mode, sharing, tiered, compressed oops, compressed class ptrs, g1 gc, windows-amd64)
# No core dump will be written. Minidumps are not enabled by default on client versions of Windows
#

---------------  S U M M A R Y ------------

Command Line: -Dclassworlds.conf=C:\Users\engon\AppData\Roaming\Code\User\globalStorage\pleiades.java-extension-pack-jdk\maven\latest\bin\m2.conf -Dmaven.home=C:\Users\engon\AppData\Roaming\Code\User\globalStorage\pleiades.java-extension-pack-jdk\maven\latest -Dlibrary.jansi.path=C:\Users\engon\AppData\Roaming\Code\User\globalStorage\pleiades.java-extension-pack-jdk\maven\latest\lib\jansi-native -Dmaven.multiModuleProjectDirectory=D:\SpringRestdemo\SpringRestdemo org.codehaus.plexus.classworlds.launcher.Launcher spring-boot:run

Host: 11th Gen Intel(R) Core(TM) i5-1135G7 @ 2.40GHz, 8 cores, 7G,  Windows 11 , 64 bit Build 22621 (10.0.22621.5124)
Time: Sun Apr 13 02:56:58 2025 South Africa Standard Time elapsed time: 3.716196 seconds (0d 0h 0m 3s)

---------------  T H R E A D  ---------------

Current thread (0x0000016a15679ae0):  JavaThread "C2 CompilerThread0" daemon [_thread_in_native, id=28512, stack(0x000000513bf00000,0x000000513c000000)]


Current CompileTask:
C2:   3716 4780       4       jdk.internal.org.objectweb.asm.Frame::execute (2305 bytes)

Stack: [0x000000513bf00000,0x000000513c000000]
Native frames: (J=compiled Java code, j=interpreted, Vv=VM code, C=native code)
V  [jvm.dll+0x677a5a]
V  [jvm.dll+0x7d8b2d]
V  [jvm.dll+0x7da48e]
V  [jvm.dll+0x7daaf3]
V  [jvm.dll+0x2455ff]
V  [jvm.dll+0xaaafb]
V  [jvm.dll+0xab09c]
V  [jvm.dll+0x2aafef]
V  [jvm.dll+0x57fd55]
V  [jvm.dll+0x220472]
V  [jvm.dll+0x22084f]
V  [jvm.dll+0x2197a6]
V  [jvm.dll+0x216c79]
V  [jvm.dll+0x1a3410]
V  [jvm.dll+0x226aeb]
V  [jvm.dll+0x224cab]
V  [jvm.dll+0x78e45c]
V  [jvm.dll+0x78888a]
V  [jvm.dll+0x676935]
C  [ucrtbase.dll+0x29333]
C  [KERNEL32.DLL+0x1259d]
C  [ntdll.dll+0x5af38]


---------------  P R O C E S S  ---------------

Threads class SMR info:
_java_thread_list=0x0000016a5bd40170, length=13, elements={
0x0000016a776ff540, 0x0000016a15654220, 0x0000016a15655bf0, 0x0000016a1566b150,
0x0000016a1566bb10, 0x0000016a1566e8f0, 0x0000016a1566f2b0, 0x0000016a15679ae0,
0x0000016a156825a0, 0x0000016a15695ac0, 0x0000016a158d2390, 0x0000016a158d68e0,
0x0000016a5bf034e0
}

Java Threads: ( => current thread )
  0x0000016a776ff540 JavaThread "main" [_thread_in_native, id=3128, stack(0x000000513b200000,0x000000513b300000)]
  0x0000016a15654220 JavaThread "Reference Handler" daemon [_thread_blocked, id=15868, stack(0x000000513b900000,0x000000513ba00000)]
  0x0000016a15655bf0 JavaThread "Finalizer" daemon [_thread_blocked, id=29644, stack(0x000000513ba00000,0x000000513bb00000)]
  0x0000016a1566b150 JavaThread "Signal Dispatcher" daemon [_thread_blocked, id=27128, stack(0x000000513bb00000,0x000000513bc00000)]
  0x0000016a1566bb10 JavaThread "Attach Listener" daemon [_thread_blocked, id=24808, stack(0x000000513bc00000,0x000000513bd00000)]
  0x0000016a1566e8f0 JavaThread "Service Thread" daemon [_thread_blocked, id=28364, stack(0x000000513bd00000,0x000000513be00000)]
  0x0000016a1566f2b0 JavaThread "Monitor Deflation Thread" daemon [_thread_blocked, id=12864, stack(0x000000513be00000,0x000000513bf00000)]
=>0x0000016a15679ae0 JavaThread "C2 CompilerThread0" daemon [_thread_in_native, id=28512, stack(0x000000513bf00000,0x000000513c000000)]
  0x0000016a156825a0 JavaThread "C1 CompilerThread0" daemon [_thread_blocked, id=4352, stack(0x000000513c000000,0x000000513c100000)]
  0x0000016a15695ac0 JavaThread "Sweeper thread" daemon [_thread_blocked, id=28800, stack(0x000000513c100000,0x000000513c200000)]
  0x0000016a158d2390 JavaThread "Notification Thread" daemon [_thread_blocked, id=26308, stack(0x000000513c200000,0x000000513c300000)]
  0x0000016a158d68e0 JavaThread "Common-Cleaner" daemon [_thread_blocked, id=28264, stack(0x000000513c400000,0x000000513c500000)]
  0x0000016a5bf034e0 JavaThread "Thread-1" daemon [_thread_blocked, id=29648, stack(0x000000513cc00000,0x000000513cd00000)]

Other Threads:
  0x0000016a1564e870 VMThread "VM Thread" [stack: 0x000000513b800000,0x000000513b900000] [id=28668]
  0x0000016a77770730 WatcherThread [stack: 0x000000513c300000,0x000000513c400000] [id=22660]
  0x0000016a777563f0 GCTaskThread "GC Thread#0" [stack: 0x000000513b300000,0x000000513b400000] [id=25212]
  0x0000016a158f88b0 GCTaskThread "GC Thread#1" [stack: 0x000000513c500000,0x000000513c600000] [id=25100]
  0x0000016a5b5e6b90 GCTaskThread "GC Thread#2" [stack: 0x000000513c600000,0x000000513c700000] [id=14504]
  0x0000016a5b3fee20 GCTaskThread "GC Thread#3" [stack: 0x000000513c700000,0x000000513c800000] [id=9840]
  0x0000016a5b5cc870 GCTaskThread "GC Thread#4" [stack: 0x000000513c800000,0x000000513c900000] [id=22036]
  0x0000016a5b59f990 GCTaskThread "GC Thread#5" [stack: 0x000000513c900000,0x000000513ca00000] [id=29184]
  0x0000016a5b4429f0 GCTaskThread "GC Thread#6" [stack: 0x000000513ca00000,0x000000513cb00000] [id=17804]
  0x0000016a5b8c5fd0 GCTaskThread "GC Thread#7" [stack: 0x000000513cb00000,0x000000513cc00000] [id=27040]
  0x0000016a77768820 ConcurrentGCThread "G1 Main Marker" [stack: 0x000000513b400000,0x000000513b500000] [id=22080]
  0x0000016a7776b210 ConcurrentGCThread "G1 Conc#0" [stack: 0x000000513b500000,0x000000513b600000] [id=17480]
  0x0000016a154fc110 ConcurrentGCThread "G1 Refine#0" [stack: 0x000000513b600000,0x000000513b700000] [id=25076]
  0x0000016a154fc950 ConcurrentGCThread "G1 Service" [stack: 0x000000513b700000,0x000000513b800000] [id=5092]

Threads with active compile tasks:
C2 CompilerThread0     3752 4780       4       jdk.internal.org.objectweb.asm.Frame::execute (2305 bytes)

VM state: not at safepoint (normal execution)

VM Mutex/Monitor currently owned by a thread: None

Heap address: 0x0000000085a00000, size: 1958 MB, Compressed Oops mode: 32-bit

CDS archive(s) mapped at: [0x0000016a16000000-0x0000016a16bd0000-0x0000016a16bd0000), size 12386304, SharedBaseAddress: 0x0000016a16000000, ArchiveRelocationMode: 1.
Compressed class space mapped at: 0x0000016a17000000-0x0000016a57000000, reserved size: 1073741824
Narrow klass base: 0x0000016a16000000, Narrow klass shift: 0, Narrow klass range: 0x100000000

GC Precious Log:
 CPUs: 8 total, 8 available
 Memory: 7831M
 Large Page Support: Disabled
 NUMA Support: Disabled
 Compressed Oops: Enabled (32-bit)
 Heap Region Size: 1M
 Heap Min Capacity: 8M
 Heap Initial Capacity: 124M
 Heap Max Capacity: 1958M
 Pre-touch: Disabled
 Parallel Workers: 8
 Concurrent Workers: 2
 Concurrent Refinement Workers: 8
 Periodic GC: Disabled

Heap:
 garbage-first heap   total 126976K, used 51205K [0x0000000085a00000, 0x0000000100000000)
  region size 1024K, 38 young (38912K), 4 survivors (4096K)
 Metaspace       used 19273K, committed 19584K, reserved 1114112K
  class space    used 2198K, committed 2368K, reserved 1048576K

Heap Regions: E=young(eden), S=young(survivor), O=old, HS=humongous(starts), HC=humongous(continues), CS=collection set, F=free, OA=open archive, CA=closed archive, TAMS=top-at-mark-start (previous, next)
|   0|0x0000000085a00000, 0x0000000085b00000, 0x0000000085b00000|100%| O|  |TAMS 0x0000000085a00000, 0x0000000085a00000| Untracked 
|   1|0x0000000085b00000, 0x0000000085c00000, 0x0000000085c00000|100%| O|  |TAMS 0x0000000085b00000, 0x0000000085b00000| Untracked 
|   2|0x0000000085c00000, 0x0000000085d00000, 0x0000000085d00000|100%| O|  |TAMS 0x0000000085c00000, 0x0000000085c00000| Untracked 
|   3|0x0000000085d00000, 0x0000000085e00000, 0x0000000085e00000|100%| O|  |TAMS 0x0000000085d00000, 0x0000000085d00000| Untracked 
|   4|0x0000000085e00000, 0x0000000085f00000, 0x0000000085f00000|100%|HS|  |TAMS 0x0000000085e00000, 0x0000000085e00000| Complete 
|   5|0x0000000085f00000, 0x0000000086000000, 0x0000000086000000|100%|HS|  |TAMS 0x0000000085f00000, 0x0000000085f00000| Complete 
|   6|0x0000000086000000, 0x0000000086000000, 0x0000000086100000|  0%| F|  |TAMS 0x0000000086000000, 0x0000000086000000| Untracked 
|   7|0x0000000086100000, 0x0000000086100000, 0x0000000086200000|  0%| F|  |TAMS 0x0000000086100000, 0x0000000086100000| Untracked 
|   8|0x0000000086200000, 0x0000000086200000, 0x0000000086300000|  0%| F|  |TAMS 0x0000000086200000, 0x0000000086200000| Untracked 
|   9|0x0000000086300000, 0x0000000086300000, 0x0000000086400000|  0%| F|  |TAMS 0x0000000086300000, 0x0000000086300000| Untracked 
|  10|0x0000000086400000, 0x0000000086400000, 0x0000000086500000|  0%| F|  |TAMS 0x0000000086400000, 0x0000000086400000| Untracked 
|  11|0x0000000086500000, 0x0000000086500000, 0x0000000086600000|  0%| F|  |TAMS 0x0000000086500000, 0x0000000086500000| Untracked 
|  12|0x0000000086600000, 0x0000000086600000, 0x0000000086700000|  0%| F|  |TAMS 0x0000000086600000, 0x0000000086600000| Untracked 
|  13|0x0000000086700000, 0x0000000086700000, 0x0000000086800000|  0%| F|  |TAMS 0x0000000086700000, 0x0000000086700000| Untracked 
|  14|0x0000000086800000, 0x0000000086800000, 0x0000000086900000|  0%| F|  |TAMS 0x0000000086800000, 0x0000000086800000| Untracked 
|  15|0x0000000086900000, 0x0000000086900000, 0x0000000086a00000|  0%| F|  |TAMS 0x0000000086900000, 0x0000000086900000| Untracked 
|  16|0x0000000086a00000, 0x0000000086a00000, 0x0000000086b00000|  0%| F|  |TAMS 0x0000000086a00000, 0x0000000086a00000| Untracked 
|  17|0x0000000086b00000, 0x0000000086b00000, 0x0000000086c00000|  0%| F|  |TAMS 0x0000000086b00000, 0x0000000086b00000| Untracked 
|  18|0x0000000086c00000, 0x0000000086c00000, 0x0000000086d00000|  0%| F|  |TAMS 0x0000000086c00000, 0x0000000086c00000| Untracked 
|  19|0x0000000086d00000, 0x0000000086d00000, 0x0000000086e00000|  0%| F|  |TAMS 0x0000000086d00000, 0x0000000086d00000| Untracked 
|  20|0x0000000086e00000, 0x0000000086e00000, 0x0000000086f00000|  0%| F|  |TAMS 0x0000000086e00000, 0x0000000086e00000| Untracked 
|  21|0x0000000086f00000, 0x0000000086f00000, 0x0000000087000000|  0%| F|  |TAMS 0x0000000086f00000, 0x0000000086f00000| Untracked 
|  22|0x0000000087000000, 0x0000000087000000, 0x0000000087100000|  0%| F|  |TAMS 0x0000000087000000, 0x0000000087000000| Untracked 
|  23|0x0000000087100000, 0x0000000087100000, 0x0000000087200000|  0%| F|  |TAMS 0x0000000087100000, 0x0000000087100000| Untracked 
|  24|0x0000000087200000, 0x0000000087200000, 0x0000000087300000|  0%| F|  |TAMS 0x0000000087200000, 0x0000000087200000| Untracked 
|  25|0x0000000087300000, 0x0000000087300000, 0x0000000087400000|  0%| F|  |TAMS 0x0000000087300000, 0x0000000087300000| Untracked 
|  26|0x0000000087400000, 0x0000000087400000, 0x0000000087500000|  0%| F|  |TAMS 0x0000000087400000, 0x0000000087400000| Untracked 
|  27|0x0000000087500000, 0x0000000087500000, 0x0000000087600000|  0%| F|  |TAMS 0x0000000087500000, 0x0000000087500000| Untracked 
|  28|0x0000000087600000, 0x0000000087600000, 0x0000000087700000|  0%| F|  |TAMS 0x0000000087600000, 0x0000000087600000| Untracked 
|  29|0x0000000087700000, 0x0000000087700000, 0x0000000087800000|  0%| F|  |TAMS 0x0000000087700000, 0x0000000087700000| Untracked 
|  30|0x0000000087800000, 0x0000000087800000, 0x0000000087900000|  0%| F|  |TAMS 0x0000000087800000, 0x0000000087800000| Untracked 
|  31|0x0000000087900000, 0x0000000087900000, 0x0000000087a00000|  0%| F|  |TAMS 0x0000000087900000, 0x0000000087900000| Untracked 
|  32|0x0000000087a00000, 0x0000000087a00000, 0x0000000087b00000|  0%| F|  |TAMS 0x0000000087a00000, 0x0000000087a00000| Untracked 
|  33|0x0000000087b00000, 0x0000000087b00000, 0x0000000087c00000|  0%| F|  |TAMS 0x0000000087b00000, 0x0000000087b00000| Untracked 
|  34|0x0000000087c00000, 0x0000000087c00000, 0x0000000087d00000|  0%| F|  |TAMS 0x0000000087c00000, 0x0000000087c00000| Untracked 
|  35|0x0000000087d00000, 0x0000000087d00000, 0x0000000087e00000|  0%| F|  |TAMS 0x0000000087d00000, 0x0000000087d00000| Untracked 
|  36|0x0000000087e00000, 0x0000000087f00000, 0x0000000087f00000|100%| O|  |TAMS 0x0000000087e00000, 0x0000000087e00000| Untracked 
|  37|0x0000000087f00000, 0x0000000088000000, 0x0000000088000000|100%| O|  |TAMS 0x0000000087f00000, 0x0000000087f00000| Untracked 
|  38|0x0000000088000000, 0x0000000088100000, 0x0000000088100000|100%| O|  |TAMS 0x0000000088000000, 0x0000000088000000| Untracked 
|  39|0x0000000088100000, 0x0000000088200000, 0x0000000088200000|100%| O|  |TAMS 0x0000000088100000, 0x0000000088100000| Untracked 
|  40|0x0000000088200000, 0x0000000088300000, 0x0000000088300000|100%| O|  |TAMS 0x0000000088200000, 0x0000000088200000| Untracked 
|  41|0x0000000088300000, 0x0000000088300000, 0x0000000088400000|  0%| F|  |TAMS 0x0000000088300000, 0x0000000088300000| Untracked 
|  42|0x0000000088400000, 0x0000000088400000, 0x0000000088500000|  0%| F|  |TAMS 0x0000000088400000, 0x0000000088400000| Untracked 
|  43|0x0000000088500000, 0x0000000088500000, 0x0000000088600000|  0%| F|  |TAMS 0x0000000088500000, 0x0000000088500000| Untracked 
|  44|0x0000000088600000, 0x0000000088600000, 0x0000000088700000|  0%| F|  |TAMS 0x0000000088600000, 0x0000000088600000| Untracked 
|  45|0x0000000088700000, 0x0000000088700000, 0x0000000088800000|  0%| F|  |TAMS 0x0000000088700000, 0x0000000088700000| Untracked 
|  46|0x0000000088800000, 0x0000000088800000, 0x0000000088900000|  0%| F|  |TAMS 0x0000000088800000, 0x0000000088800000| Untracked 
|  47|0x0000000088900000, 0x0000000088900000, 0x0000000088a00000|  0%| F|  |TAMS 0x0000000088900000, 0x0000000088900000| Untracked 
|  48|0x0000000088a00000, 0x0000000088a00000, 0x0000000088b00000|  0%| F|  |TAMS 0x0000000088a00000, 0x0000000088a00000| Untracked 
|  49|0x0000000088b00000, 0x0000000088b00000, 0x0000000088c00000|  0%| F|  |TAMS 0x0000000088b00000, 0x0000000088b00000| Untracked 
|  50|0x0000000088c00000, 0x0000000088d00000, 0x0000000088d00000|100%| O|  |TAMS 0x0000000088c00000, 0x0000000088c00000| Untracked 
|  51|0x0000000088d00000, 0x0000000088e00000, 0x0000000088e00000|100%| O|  |TAMS 0x0000000088d00000, 0x0000000088d00000| Untracked 
|  52|0x0000000088e00000, 0x0000000088e81600, 0x0000000088f00000| 50%| O|  |TAMS 0x0000000088e00000, 0x0000000088e00000| Untracked 
|  53|0x0000000088f00000, 0x0000000088f00000, 0x0000000089000000|  0%| F|  |TAMS 0x0000000088f00000, 0x0000000088f00000| Untracked 
|  54|0x0000000089000000, 0x0000000089000000, 0x0000000089100000|  0%| F|  |TAMS 0x0000000089000000, 0x0000000089000000| Untracked 
|  55|0x0000000089100000, 0x0000000089100000, 0x0000000089200000|  0%| F|  |TAMS 0x0000000089100000, 0x0000000089100000| Untracked 
|  56|0x0000000089200000, 0x0000000089200000, 0x0000000089300000|  0%| F|  |TAMS 0x0000000089200000, 0x0000000089200000| Untracked 
|  57|0x0000000089300000, 0x0000000089380000, 0x0000000089400000| 50%| S|CS|TAMS 0x0000000089300000, 0x0000000089300000| Complete 
|  58|0x0000000089400000, 0x0000000089500000, 0x0000000089500000|100%| S|CS|TAMS 0x0000000089400000, 0x0000000089400000| Complete 
|  59|0x0000000089500000, 0x0000000089600000, 0x0000000089600000|100%| S|CS|TAMS 0x0000000089500000, 0x0000000089500000| Complete 
|  60|0x0000000089600000, 0x0000000089700000, 0x0000000089700000|100%| S|CS|TAMS 0x0000000089600000, 0x0000000089600000| Complete 
|  61|0x0000000089700000, 0x0000000089700000, 0x0000000089800000|  0%| F|  |TAMS 0x0000000089700000, 0x0000000089700000| Untracked 
|  62|0x0000000089800000, 0x0000000089800000, 0x0000000089900000|  0%| F|  |TAMS 0x0000000089800000, 0x0000000089800000| Untracked 
|  63|0x0000000089900000, 0x0000000089900000, 0x0000000089a00000|  0%| F|  |TAMS 0x0000000089900000, 0x0000000089900000| Untracked 
|  64|0x0000000089a00000, 0x0000000089a00000, 0x0000000089b00000|  0%| F|  |TAMS 0x0000000089a00000, 0x0000000089a00000| Untracked 
|  65|0x0000000089b00000, 0x0000000089b00000, 0x0000000089c00000|  0%| F|  |TAMS 0x0000000089b00000, 0x0000000089b00000| Untracked 
|  66|0x0000000089c00000, 0x0000000089c00000, 0x0000000089d00000|  0%| F|  |TAMS 0x0000000089c00000, 0x0000000089c00000| Untracked 
|  67|0x0000000089d00000, 0x0000000089d00000, 0x0000000089e00000|  0%| F|  |TAMS 0x0000000089d00000, 0x0000000089d00000| Untracked 
|  68|0x0000000089e00000, 0x0000000089e00000, 0x0000000089f00000|  0%| F|  |TAMS 0x0000000089e00000, 0x0000000089e00000| Untracked 
|  69|0x0000000089f00000, 0x0000000089f00000, 0x000000008a000000|  0%| F|  |TAMS 0x0000000089f00000, 0x0000000089f00000| Untracked 
|  70|0x000000008a000000, 0x000000008a000000, 0x000000008a100000|  0%| F|  |TAMS 0x000000008a000000, 0x000000008a000000| Untracked 
|  71|0x000000008a100000, 0x000000008a100000, 0x000000008a200000|  0%| F|  |TAMS 0x000000008a100000, 0x000000008a100000| Untracked 
|  72|0x000000008a200000, 0x000000008a200000, 0x000000008a300000|  0%| F|  |TAMS 0x000000008a200000, 0x000000008a200000| Untracked 
|  73|0x000000008a300000, 0x000000008a300000, 0x000000008a400000|  0%| F|  |TAMS 0x000000008a300000, 0x000000008a300000| Untracked 
|  74|0x000000008a400000, 0x000000008a400000, 0x000000008a500000|  0%| F|  |TAMS 0x000000008a400000, 0x000000008a400000| Untracked 
|  75|0x000000008a500000, 0x000000008a500000, 0x000000008a600000|  0%| F|  |TAMS 0x000000008a500000, 0x000000008a500000| Untracked 
|  76|0x000000008a600000, 0x000000008a600000, 0x000000008a700000|  0%| F|  |TAMS 0x000000008a600000, 0x000000008a600000| Untracked 
|  77|0x000000008a700000, 0x000000008a700000, 0x000000008a800000|  0%| F|  |TAMS 0x000000008a700000, 0x000000008a700000| Untracked 
|  78|0x000000008a800000, 0x000000008a800000, 0x000000008a900000|  0%| F|  |TAMS 0x000000008a800000, 0x000000008a800000| Untracked 
|  79|0x000000008a900000, 0x000000008a900000, 0x000000008aa00000|  0%| F|  |TAMS 0x000000008a900000, 0x000000008a900000| Untracked 
|  80|0x000000008aa00000, 0x000000008aa00000, 0x000000008ab00000|  0%| F|  |TAMS 0x000000008aa00000, 0x000000008aa00000| Untracked 
|  81|0x000000008ab00000, 0x000000008ab00000, 0x000000008ac00000|  0%| F|  |TAMS 0x000000008ab00000, 0x000000008ab00000| Untracked 
|  82|0x000000008ac00000, 0x000000008ac00000, 0x000000008ad00000|  0%| F|  |TAMS 0x000000008ac00000, 0x000000008ac00000| Untracked 
|  83|0x000000008ad00000, 0x000000008ad00000, 0x000000008ae00000|  0%| F|  |TAMS 0x000000008ad00000, 0x000000008ad00000| Untracked 
|  84|0x000000008ae00000, 0x000000008ae00000, 0x000000008af00000|  0%| F|  |TAMS 0x000000008ae00000, 0x000000008ae00000| Untracked 
|  85|0x000000008af00000, 0x000000008af00000, 0x000000008b000000|  0%| F|  |TAMS 0x000000008af00000, 0x000000008af00000| Untracked 
|  86|0x000000008b000000, 0x000000008b000000, 0x000000008b100000|  0%| F|  |TAMS 0x000000008b000000, 0x000000008b000000| Untracked 
|  87|0x000000008b100000, 0x000000008b100000, 0x000000008b200000|  0%| F|  |TAMS 0x000000008b100000, 0x000000008b100000| Untracked 
|  88|0x000000008b200000, 0x000000008b200000, 0x000000008b300000|  0%| F|  |TAMS 0x000000008b200000, 0x000000008b200000| Untracked 
|  89|0x000000008b300000, 0x000000008b300000, 0x000000008b400000|  0%| F|  |TAMS 0x000000008b300000, 0x000000008b300000| Untracked 
|  90|0x000000008b400000, 0x000000008b480800, 0x000000008b500000| 50%| E|  |TAMS 0x000000008b400000, 0x000000008b400000| Complete 
|  91|0x000000008b500000, 0x000000008b600000, 0x000000008b600000|100%| E|CS|TAMS 0x000000008b500000, 0x000000008b500000| Complete 
|  92|0x000000008b600000, 0x000000008b700000, 0x000000008b700000|100%| E|CS|TAMS 0x000000008b600000, 0x000000008b600000| Complete 
|  93|0x000000008b700000, 0x000000008b800000, 0x000000008b800000|100%| E|CS|TAMS 0x000000008b700000, 0x000000008b700000| Complete 
|  94|0x000000008b800000, 0x000000008b900000, 0x000000008b900000|100%| E|CS|TAMS 0x000000008b800000, 0x000000008b800000| Complete 
|  95|0x000000008b900000, 0x000000008ba00000, 0x000000008ba00000|100%| E|CS|TAMS 0x000000008b900000, 0x000000008b900000| Complete 
|  96|0x000000008ba00000, 0x000000008bb00000, 0x000000008bb00000|100%| E|CS|TAMS 0x000000008ba00000, 0x000000008ba00000| Complete 
|  97|0x000000008bb00000, 0x000000008bc00000, 0x000000008bc00000|100%| E|CS|TAMS 0x000000008bb00000, 0x000000008bb00000| Complete 
|  98|0x000000008bc00000, 0x000000008bd00000, 0x000000008bd00000|100%| E|CS|TAMS 0x000000008bc00000, 0x000000008bc00000| Complete 
|  99|0x000000008bd00000, 0x000000008be00000, 0x000000008be00000|100%| E|CS|TAMS 0x000000008bd00000, 0x000000008bd00000| Complete 
| 100|0x000000008be00000, 0x000000008bf00000, 0x000000008bf00000|100%| E|CS|TAMS 0x000000008be00000, 0x000000008be00000| Complete 
| 101|0x000000008bf00000, 0x000000008c000000, 0x000000008c000000|100%| E|CS|TAMS 0x000000008bf00000, 0x000000008bf00000| Complete 
| 102|0x000000008c000000, 0x000000008c100000, 0x000000008c100000|100%| E|CS|TAMS 0x000000008c000000, 0x000000008c000000| Complete 
| 103|0x000000008c100000, 0x000000008c200000, 0x000000008c200000|100%| E|CS|TAMS 0x000000008c100000, 0x000000008c100000| Complete 
| 104|0x000000008c200000, 0x000000008c300000, 0x000000008c300000|100%| E|CS|TAMS 0x000000008c200000, 0x000000008c200000| Complete 
| 105|0x000000008c300000, 0x000000008c400000, 0x000000008c400000|100%| E|CS|TAMS 0x000000008c300000, 0x000000008c300000| Complete 
| 106|0x000000008c400000, 0x000000008c500000, 0x000000008c500000|100%| E|CS|TAMS 0x000000008c400000, 0x000000008c400000| Complete 
| 107|0x000000008c500000, 0x000000008c600000, 0x000000008c600000|100%| E|CS|TAMS 0x000000008c500000, 0x000000008c500000| Complete 
| 108|0x000000008c600000, 0x000000008c700000, 0x000000008c700000|100%| E|CS|TAMS 0x000000008c600000, 0x000000008c600000| Complete 
| 109|0x000000008c700000, 0x000000008c800000, 0x000000008c800000|100%| E|CS|TAMS 0x000000008c700000, 0x000000008c700000| Complete 
| 110|0x000000008c800000, 0x000000008c900000, 0x000000008c900000|100%| E|CS|TAMS 0x000000008c800000, 0x000000008c800000| Complete 
| 111|0x000000008c900000, 0x000000008ca00000, 0x000000008ca00000|100%| E|CS|TAMS 0x000000008c900000, 0x000000008c900000| Complete 
| 112|0x000000008ca00000, 0x000000008cb00000, 0x000000008cb00000|100%| E|CS|TAMS 0x000000008ca00000, 0x000000008ca00000| Complete 
| 113|0x000000008cb00000, 0x000000008cc00000, 0x000000008cc00000|100%| E|CS|TAMS 0x000000008cb00000, 0x000000008cb00000| Complete 
| 114|0x000000008cc00000, 0x000000008cd00000, 0x000000008cd00000|100%| E|CS|TAMS 0x000000008cc00000, 0x000000008cc00000| Complete 
| 115|0x000000008cd00000, 0x000000008ce00000, 0x000000008ce00000|100%| E|CS|TAMS 0x000000008cd00000, 0x000000008cd00000| Complete 
| 116|0x000000008ce00000, 0x000000008cf00000, 0x000000008cf00000|100%| E|CS|TAMS 0x000000008ce00000, 0x000000008ce00000| Complete 
| 117|0x000000008cf00000, 0x000000008d000000, 0x000000008d000000|100%| E|CS|TAMS 0x000000008cf00000, 0x000000008cf00000| Complete 
| 118|0x000000008d000000, 0x000000008d100000, 0x000000008d100000|100%| E|CS|TAMS 0x000000008d000000, 0x000000008d000000| Complete 
| 119|0x000000008d100000, 0x000000008d200000, 0x000000008d200000|100%| E|CS|TAMS 0x000000008d100000, 0x000000008d100000| Complete 
| 120|0x000000008d200000, 0x000000008d300000, 0x000000008d300000|100%| E|CS|TAMS 0x000000008d200000, 0x000000008d200000| Complete 
| 121|0x000000008d300000, 0x000000008d400000, 0x000000008d400000|100%| E|CS|TAMS 0x000000008d300000, 0x000000008d300000| Complete 
| 122|0x000000008d400000, 0x000000008d500000, 0x000000008d500000|100%| E|CS|TAMS 0x000000008d400000, 0x000000008d400000| Complete 
| 123|0x000000008d500000, 0x000000008d600000, 0x000000008d600000|100%| E|CS|TAMS 0x000000008d500000, 0x000000008d500000| Complete 

Card table byte_map: [0x0000016a7f6a0000,0x0000016a7fa80000] _byte_map_base: 0x0000016a7f273000

Marking Bits (Prev, Next): (CMBitMap*) 0x0000016a77757a20, (CMBitMap*) 0x0000016a77757a60
 Prev Bits: [0x0000016a0f000000, 0x0000016a10e98000)
 Next Bits: [0x0000016a10ea0000, 0x0000016a12d38000)

Polling page: 0x0000016a75610000

Metaspace:

Usage:
  Non-class:     16.67 MB used.
      Class:      2.15 MB used.
       Both:     18.82 MB used.

Virtual space:
  Non-class space:       64.00 MB reserved,      16.81 MB ( 26%) committed,  1 nodes.
      Class space:        1.00 GB reserved,       2.31 MB ( <1%) committed,  1 nodes.
             Both:        1.06 GB reserved,      19.12 MB (  2%) committed. 

Chunk freelists:
   Non-Class:  14.44 MB
       Class:  13.66 MB
        Both:  28.10 MB

MaxMetaspaceSize: unlimited
CompressedClassSpaceSize: 1.00 GB
Initial GC threshold: 21.00 MB
Current GC threshold: 21.00 MB
CDS: on
MetaspaceReclaimPolicy: balanced
 - commit_granule_bytes: 65536.
 - commit_granule_words: 8192.
 - virtual_space_node_default_size: 8388608.
 - enlarge_chunks_in_place: 1.
 - new_chunks_are_fully_committed: 0.
 - uncommit_free_chunks: 1.
 - use_allocation_guard: 0.
 - handle_deallocations: 1.


Internal statistics:

num_allocs_failed_limit: 0.
num_arena_births: 168.
num_arena_deaths: 0.
num_vsnodes_births: 2.
num_vsnodes_deaths: 0.
num_space_committed: 306.
num_space_uncommitted: 0.
num_chunks_returned_to_freelist: 0.
num_chunks_taken_from_freelist: 866.
num_chunk_merges: 0.
num_chunk_splits: 576.
num_chunks_enlarged: 443.
num_inconsistent_stats: 0.

CodeHeap 'non-profiled nmethods': size=120000Kb used=2068Kb max_used=2068Kb free=117931Kb
 bounds [0x0000016a07ad0000, 0x0000016a07d40000, 0x0000016a0f000000]
CodeHeap 'profiled nmethods': size=120000Kb used=10302Kb max_used=10302Kb free=109698Kb
 bounds [0x0000016a00000000, 0x0000016a00a10000, 0x0000016a07530000]
CodeHeap 'non-nmethods': size=5760Kb used=1206Kb max_used=1253Kb free=4553Kb
 bounds [0x0000016a07530000, 0x0000016a077a0000, 0x0000016a07ad0000]
 total_blobs=5314 nmethods=4823 adapters=403
 compilation: enabled
              stopped_count=0, restarted_count=0
 full_count=0

Compilation events (20 events):
Event: 3.616 Thread 0x0000016a156825a0 4817       3       java.lang.ProcessEnvironment$CheckedEntrySet$1::hasNext (10 bytes)
Event: 3.616 Thread 0x0000016a156825a0 nmethod 4817 0x0000016a00a0b690 code [0x0000016a00a0b840, 0x0000016a00a0ba08]
Event: 3.616 Thread 0x0000016a156825a0 4820       3       java.lang.ProcessEnvironment$CheckedEntry::getKey (13 bytes)
Event: 3.616 Thread 0x0000016a156825a0 nmethod 4820 0x0000016a00a0bb10 code [0x0000016a00a0bcc0, 0x0000016a00a0bf88]
Event: 3.616 Thread 0x0000016a156825a0 4819       3       java.lang.ProcessEnvironment$CheckedEntry::getKey (5 bytes)
Event: 3.617 Thread 0x0000016a156825a0 nmethod 4819 0x0000016a00a0c090 code [0x0000016a00a0c240, 0x0000016a00a0c568]
Event: 3.617 Thread 0x0000016a156825a0 4818       3       java.lang.ProcessEnvironment$CheckedEntrySet$1::next (5 bytes)
Event: 3.617 Thread 0x0000016a156825a0 nmethod 4818 0x0000016a00a0c690 code [0x0000016a00a0c860, 0x0000016a00a0cd48]
Event: 3.631 Thread 0x0000016a156825a0 4822       3       java.lang.reflect.Modifier::isPrivate (12 bytes)
Event: 3.631 Thread 0x0000016a156825a0 nmethod 4822 0x0000016a00a0cf10 code [0x0000016a00a0d0a0, 0x0000016a00a0d1f8]
Event: 3.633 Thread 0x0000016a156825a0 4824       3       java.lang.invoke.DirectMethodHandle::make (275 bytes)
Event: 3.634 Thread 0x0000016a156825a0 nmethod 4824 0x0000016a00a0d290 code [0x0000016a00a0d620, 0x0000016a00a0eab8]
Event: 3.634 Thread 0x0000016a156825a0 4825       3       java.lang.invoke.MemberName::isField (8 bytes)
Event: 3.634 Thread 0x0000016a156825a0 nmethod 4825 0x0000016a00a0f310 code [0x0000016a00a0f4c0, 0x0000016a00a0f6f8]
Event: 3.644 Thread 0x0000016a15679ae0 nmethod 4798 0x0000016a07cd1b90 code [0x0000016a07cd1d80, 0x0000016a07cd3518]
Event: 3.644 Thread 0x0000016a15679ae0 4781       4       java.lang.invoke.VarHandle::checkExactAccessMode (28 bytes)
Event: 3.649 Thread 0x0000016a15679ae0 nmethod 4781 0x0000016a07cd3f10 code [0x0000016a07cd40c0, 0x0000016a07cd4748]
Event: 3.649 Thread 0x0000016a15679ae0 4816   !   4       jdk.internal.ref.PhantomCleanable::remove (60 bytes)
Event: 3.651 Thread 0x0000016a15679ae0 nmethod 4816 0x0000016a07cd4a10 code [0x0000016a07cd4ba0, 0x0000016a07cd5098]
Event: 3.651 Thread 0x0000016a15679ae0 4780       4       jdk.internal.org.objectweb.asm.Frame::execute (2305 bytes)

GC Heap History (8 events):
Event: 0.536 GC heap before
{Heap before GC invocations=0 (full 0):
 garbage-first heap   total 126976K, used 23552K [0x0000000085a00000, 0x0000000100000000)
  region size 1024K, 23 young (23552K), 0 survivors (0K)
 Metaspace       used 5418K, committed 5632K, reserved 1114112K
  class space    used 655K, committed 768K, reserved 1048576K
}
Event: 0.541 GC heap after
{Heap after GC invocations=1 (full 0):
 garbage-first heap   total 126976K, used 3680K [0x0000000085a00000, 0x0000000100000000)
  region size 1024K, 3 young (3072K), 3 survivors (3072K)
 Metaspace       used 5418K, committed 5632K, reserved 1114112K
  class space    used 655K, committed 768K, reserved 1048576K
}
Event: 1.036 GC heap before
{Heap before GC invocations=1 (full 0):
 garbage-first heap   total 126976K, used 35424K [0x0000000085a00000, 0x0000000100000000)
  region size 1024K, 34 young (34816K), 3 survivors (3072K)
 Metaspace       used 9499K, committed 9600K, reserved 1114112K
  class space    used 1155K, committed 1216K, reserved 1048576K
}
Event: 1.042 GC heap after
{Heap after GC invocations=2 (full 0):
 garbage-first heap   total 126976K, used 5408K [0x0000000085a00000, 0x0000000100000000)
  region size 1024K, 2 young (2048K), 2 survivors (2048K)
 Metaspace       used 9499K, committed 9600K, reserved 1114112K
  class space    used 1155K, committed 1216K, reserved 1048576K
}
Event: 2.089 GC heap before
{Heap before GC invocations=2 (full 0):
 garbage-first heap   total 126976K, used 79136K [0x0000000085a00000, 0x0000000100000000)
  region size 1024K, 74 young (75776K), 2 survivors (2048K)
 Metaspace       used 15642K, committed 15872K, reserved 1114112K
  class space    used 1863K, committed 1920K, reserved 1048576K
}
Event: 2.104 GC heap after
{Heap after GC invocations=3 (full 0):
 garbage-first heap   total 126976K, used 12665K [0x0000000085a00000, 0x0000000100000000)
  region size 1024K, 9 young (9216K), 9 survivors (9216K)
 Metaspace       used 15642K, committed 15872K, reserved 1114112K
  class space    used 1863K, committed 1920K, reserved 1048576K
}
Event: 2.986 GC heap before
{Heap before GC invocations=3 (full 0):
 garbage-first heap   total 126976K, used 108921K [0x0000000085a00000, 0x0000000100000000)
  region size 1024K, 72 young (73728K), 9 survivors (9216K)
 Metaspace       used 17942K, committed 18176K, reserved 1114112K
  class space    used 2059K, committed 2176K, reserved 1048576K
}
Event: 3.005 GC heap after
{Heap after GC invocations=4 (full 0):
 garbage-first heap   total 126976K, used 15365K [0x0000000085a00000, 0x0000000100000000)
  region size 1024K, 4 young (4096K), 4 survivors (4096K)
 Metaspace       used 17942K, committed 18176K, reserved 1114112K
  class space    used 2059K, committed 2176K, reserved 1048576K
}

Deoptimization events (20 events):
Event: 3.449 Thread 0x0000016a776ff540 DEOPT PACKING pc=0x0000016a009d9568 sp=0x000000513b2fd830
Event: 3.449 Thread 0x0000016a776ff540 DEOPT UNPACKING pc=0x0000016a075866e3 sp=0x000000513b2fccc0 mode 0
Event: 3.453 Thread 0x0000016a776ff540 DEOPT PACKING pc=0x0000016a00526034 sp=0x000000513b2fd470
Event: 3.453 Thread 0x0000016a776ff540 DEOPT UNPACKING pc=0x0000016a075866e3 sp=0x000000513b2fc9f0 mode 0
Event: 3.458 Thread 0x0000016a776ff540 DEOPT PACKING pc=0x0000016a009d9568 sp=0x000000513b2fd830
Event: 3.458 Thread 0x0000016a776ff540 DEOPT UNPACKING pc=0x0000016a075866e3 sp=0x000000513b2fccc0 mode 0
Event: 3.461 Thread 0x0000016a776ff540 DEOPT PACKING pc=0x0000016a009d9568 sp=0x000000513b2fd830
Event: 3.461 Thread 0x0000016a776ff540 DEOPT UNPACKING pc=0x0000016a075866e3 sp=0x000000513b2fccc0 mode 0
Event: 3.465 Thread 0x0000016a776ff540 Uncommon trap: trap_request=0xffffff45 fr.pc=0x0000016a07cbb8a0 relative=0x00000000000004e0
Event: 3.466 Thread 0x0000016a776ff540 Uncommon trap: reason=unstable_if action=reinterpret pc=0x0000016a07cbb8a0 method=java.util.jar.Manifest$FastInputStream.readLine([BII)I @ 106 c2
Event: 3.466 Thread 0x0000016a776ff540 DEOPT PACKING pc=0x0000016a07cbb8a0 sp=0x000000513b2fd830
Event: 3.466 Thread 0x0000016a776ff540 DEOPT UNPACKING pc=0x0000016a07585ba3 sp=0x000000513b2fd7c0 mode 2
Event: 3.472 Thread 0x0000016a776ff540 DEOPT PACKING pc=0x0000016a009e2b68 sp=0x000000513b2fd830
Event: 3.472 Thread 0x0000016a776ff540 DEOPT UNPACKING pc=0x0000016a075866e3 sp=0x000000513b2fccc0 mode 0
Event: 3.484 Thread 0x0000016a776ff540 DEOPT PACKING pc=0x0000016a00526034 sp=0x000000513b2fd5c0
Event: 3.484 Thread 0x0000016a776ff540 DEOPT UNPACKING pc=0x0000016a075866e3 sp=0x000000513b2fcb40 mode 0
Event: 3.639 Thread 0x0000016a776ff540 Uncommon trap: trap_request=0xffffffde fr.pc=0x0000016a07cc2a64 relative=0x0000000000000544
Event: 3.639 Thread 0x0000016a776ff540 Uncommon trap: reason=class_check action=maybe_recompile pc=0x0000016a07cc2a64 method=java.util.Hashtable.get(Ljava/lang/Object;)Ljava/lang/Object; @ 6 c2
Event: 3.639 Thread 0x0000016a776ff540 DEOPT PACKING pc=0x0000016a07cc2a64 sp=0x000000513b2fdcd0
Event: 3.639 Thread 0x0000016a776ff540 DEOPT UNPACKING pc=0x0000016a07585ba3 sp=0x000000513b2fdc80 mode 2

Classes unloaded (0 events):
No events

Classes redefined (0 events):
No events

Internal exceptions (20 events):
Event: 1.471 Thread 0x0000016a776ff540 Implicit null exception at 0x0000016a07b06672 to 0x0000016a07b06cb0
Event: 1.471 Thread 0x0000016a776ff540 Implicit null exception at 0x0000016a07afb572 to 0x0000016a07afbbc8
Event: 1.507 Thread 0x0000016a776ff540 Exception <a 'java/lang/NoSuchMethodError'{0x000000008be35180}: 'void java.lang.invoke.DirectMethodHandle$Holder.invokeSpecial(java.lang.Object, java.lang.Object, java.lang.Object, java.lang.Object, java.lang.Object)'> (0x000000008be35180) 
thrown [s\open\src\hotspot\share\interpreter\linkResolver.cpp, line 759]
Event: 1.509 Thread 0x0000016a776ff540 Exception <a 'java/lang/NoSuchMethodError'{0x000000008be52808}: 'void java.lang.invoke.DirectMethodHandle$Holder.invokeSpecial(java.lang.Object, java.lang.Object, java.lang.Object, java.lang.Object, java.lang.Object, java.lang.Object)'> (0x000000008be52808) 
thrown [s\open\src\hotspot\share\interpreter\linkResolver.cpp, line 759]
Event: 1.520 Thread 0x0000016a776ff540 Exception <a 'java/lang/NoSuchMethodError'{0x000000008bd4beb0}: 'java.lang.Object java.lang.invoke.DirectMethodHandle$Holder.invokeVirtual(java.lang.Object, java.lang.Object, java.lang.Object)'> (0x000000008bd4beb0) 
thrown [s\open\src\hotspot\share\interpreter\linkResolver.cpp, line 759]
Event: 1.830 Thread 0x0000016a776ff540 Implicit null exception at 0x0000016a07bdc432 to 0x0000016a07bdc524
Event: 1.830 Thread 0x0000016a776ff540 Implicit null exception at 0x0000016a07b6e36a to 0x0000016a07b6e528
Event: 1.830 Thread 0x0000016a776ff540 Implicit null exception at 0x0000016a07b47dd8 to 0x0000016a07b47e6e
Event: 2.450 Thread 0x0000016a776ff540 Implicit null exception at 0x0000016a07b0798f to 0x0000016a07b07a09
Event: 2.549 Thread 0x0000016a776ff540 Exception <a 'java/lang/NoSuchMethodError'{0x000000008b15dd38}: 'java.lang.Object java.lang.invoke.DirectMethodHandle$Holder.newInvokeSpecial(java.lang.Object, java.lang.Object, java.lang.Object, java.lang.Object, java.lang.Object, java.lang.Object, java.lang.Object)'> (0x000000008b15dd38) 
thrown [s\open\src\hotspot\share\interpreter\linkResolver.cpp, line 759]
Event: 2.550 Thread 0x0000016a776ff540 Exception <a 'java/lang/NoSuchMethodError'{0x000000008b162648}: 'java.lang.Object java.lang.invoke.Invokers$Holder.linkToTargetMethod(java.lang.Object, java.lang.Object, java.lang.Object, java.lang.Object, java.lang.Object, java.lang.Object, java.lang.Object)'> (0x000000008b162648) 
thrown [s\open\src\hotspot\share\interpreter\linkResolver.cpp, line 759]
Event: 2.720 Thread 0x0000016a776ff540 Exception <a 'java/lang/NoSuchMethodError'{0x000000008a73cff8}: 'int java.lang.invoke.DirectMethodHandle$Holder.invokeVirtual(java.lang.Object, java.lang.Object)'> (0x000000008a73cff8) 
thrown [s\open\src\hotspot\share\interpreter\linkResolver.cpp, line 759]
Event: 2.753 Thread 0x0000016a776ff540 Exception <a 'java/lang/NoSuchMethodError'{0x000000008a5379e0}: 'int java.lang.invoke.DirectMethodHandle$Holder.invokeStatic(java.lang.Object, java.lang.Object, int)'> (0x000000008a5379e0) 
thrown [s\open\src\hotspot\share\interpreter\linkResolver.cpp, line 759]
Event: 3.599 Thread 0x0000016a776ff540 Exception <a 'java/lang/NoSuchMethodError'{0x000000008b5dbbd0}: 'java.lang.Object java.lang.invoke.DirectMethodHandle$Holder.invokeStaticInit(java.lang.Object, java.lang.Object, int, int, int, int)'> (0x000000008b5dbbd0) 
thrown [s\open\src\hotspot\share\interpreter\linkResolver.cpp, line 759]
Event: 3.631 Thread 0x0000016a776ff540 Exception <a 'java/lang/NoSuchMethodError'{0x000000008b439f10}: 'void java.lang.invoke.DirectMethodHandle$Holder.invokeStatic(java.lang.Object, long)'> (0x000000008b439f10) 
thrown [s\open\src\hotspot\share\interpreter\linkResolver.cpp, line 759]
Event: 3.632 Thread 0x0000016a776ff540 Exception <a 'java/lang/NoSuchMethodError'{0x000000008b43f4e8}: 'java.lang.Object java.lang.invoke.DirectMethodHandle$Holder.newInvokeSpecial(java.lang.Object, long)'> (0x000000008b43f4e8) 
thrown [s\open\src\hotspot\share\interpreter\linkResolver.cpp, line 759]
Event: 3.633 Thread 0x0000016a776ff540 Exception <a 'java/lang/NoSuchMethodError'{0x000000008b446650}: 'java.lang.Object java.lang.invoke.DirectMethodHandle$Holder.invokeStatic(java.lang.Object, java.lang.Object, long, java.lang.Object)'> (0x000000008b446650) 
thrown [s\open\src\hotspot\share\interpreter\linkResolver.cpp, line 759]
Event: 3.633 Thread 0x0000016a776ff540 Exception <a 'java/lang/NoSuchMethodError'{0x000000008b449e28}: 'java.lang.Object java.lang.invoke.DirectMethodHandle$Holder.invokeStaticInit(java.lang.Object, java.lang.Object, long, java.lang.Object)'> (0x000000008b449e28) 
thrown [s\open\src\hotspot\share\interpreter\linkResolver.cpp, line 759]
Event: 3.633 Thread 0x0000016a776ff540 Exception <a 'java/lang/NoSuchMethodError'{0x000000008b450470}: 'java.lang.Object java.lang.invoke.DirectMethodHandle$Holder.newInvokeSpecial(java.lang.Object, java.lang.Object, long)'> (0x000000008b450470) 
thrown [s\open\src\hotspot\share\interpreter\linkResolver.cpp, line 759]
Event: 3.634 Thread 0x0000016a776ff540 Exception <a 'java/lang/NoSuchMethodError'{0x000000008b453fe0}: 'java.lang.Object java.lang.invoke.Invokers$Holder.linkToTargetMethod(java.lang.Object, long, java.lang.Object)'> (0x000000008b453fe0) 
thrown [s\open\src\hotspot\share\interpreter\linkResolver.cpp, line 759]

VM Operations (20 events):
Event: 1.847 Executing VM operation: ICBufferFull
Event: 1.848 Executing VM operation: ICBufferFull done
Event: 2.089 Executing VM operation: G1CollectForAllocation
Event: 2.104 Executing VM operation: G1CollectForAllocation done
Event: 2.217 Executing VM operation: HandshakeAllThreads
Event: 2.217 Executing VM operation: HandshakeAllThreads done
Event: 2.347 Executing VM operation: ICBufferFull
Event: 2.347 Executing VM operation: ICBufferFull done
Event: 2.693 Executing VM operation: ICBufferFull
Event: 2.693 Executing VM operation: ICBufferFull done
Event: 2.980 Executing VM operation: ICBufferFull
Event: 2.981 Executing VM operation: ICBufferFull done
Event: 2.986 Executing VM operation: G1CollectForAllocation
Event: 3.005 Executing VM operation: G1CollectForAllocation done
Event: 3.506 Executing VM operation: HandshakeAllThreads
Event: 3.506 Executing VM operation: HandshakeAllThreads done
Event: 3.587 Executing VM operation: HandshakeAllThreads
Event: 3.587 Executing VM operation: HandshakeAllThreads done
Event: 3.587 Executing VM operation: HandshakeAllThreads
Event: 3.587 Executing VM operation: HandshakeAllThreads done

Events (20 events):
Event: 3.636 loading class java/util/concurrent/SynchronousQueue$Transferer done
Event: 3.636 loading class java/util/concurrent/SynchronousQueue$TransferStack done
Event: 3.636 loading class java/util/concurrent/SynchronousQueue$TransferStack$SNode
Event: 3.637 loading class java/util/concurrent/SynchronousQueue$TransferStack$SNode done
Event: 3.637 loading class java/lang/ProcessImpl$2
Event: 3.637 loading class java/lang/ProcessImpl$2 done
Event: 3.637 loading class java/lang/ProcessBuilder$NullOutputStream
Event: 3.637 loading class java/lang/ProcessBuilder$NullOutputStream done
Event: 3.637 loading class java/lang/ProcessBuilder$NullInputStream
Event: 3.637 loading class java/lang/ProcessBuilder$NullInputStream done
Event: 3.637 loading class jdk/internal/event/ProcessStartEvent
Event: 3.637 loading class jdk/internal/event/ProcessStartEvent done
Event: 3.638 loading class sun/misc/Signal
Event: 3.638 loading class sun/misc/Signal done
Event: 3.638 loading class sun/misc/SignalHandler
Event: 3.638 loading class sun/misc/SignalHandler done
Event: 3.639 loading class sun/misc/Signal$InternalMiscHandler
Event: 3.639 loading class sun/misc/Signal$InternalMiscHandler done
Event: 3.639 loading class sun/misc/Signal$SunMiscHandler
Event: 3.639 loading class sun/misc/Signal$SunMiscHandler done


Dynamic libraries:
0x00007ff6da350000 - 0x00007ff6da360000 	C:\Program Files\Java\jdk-17\bin\java.exe
0x00007ffb5e630000 - 0x00007ffb5e847000 	C:\WINDOWS\SYSTEM32\ntdll.dll
0x00007ffb20830000 - 0x00007ffb2084a000 	C:\Program Files\Avast Software\Avast\aswhook.dll
0x00007ffb5d670000 - 0x00007ffb5d734000 	C:\WINDOWS\System32\KERNEL32.DLL
0x00007ffb5ba00000 - 0x00007ffb5bdd3000 	C:\WINDOWS\System32\KERNELBASE.dll
0x00007ffb57180000 - 0x00007ffb57217000 	C:\WINDOWS\SYSTEM32\apphelp.dll
0x00007ffb5c010000 - 0x00007ffb5c121000 	C:\WINDOWS\System32\ucrtbase.dll
0x00007ffb58420000 - 0x00007ffb58439000 	C:\Program Files\Java\jdk-17\bin\jli.dll
0x00007ffb38b00000 - 0x00007ffb38b1b000 	C:\Program Files\Java\jdk-17\bin\VCRUNTIME140.dll
0x00007ffb5d5b0000 - 0x00007ffb5d661000 	C:\WINDOWS\System32\ADVAPI32.dll
0x00007ffb5e1d0000 - 0x00007ffb5e277000 	C:\WINDOWS\System32\msvcrt.dll
0x00007ffb5d4f0000 - 0x00007ffb5d598000 	C:\WINDOWS\System32\sechost.dll
0x00007ffb5b770000 - 0x00007ffb5b798000 	C:\WINDOWS\System32\bcrypt.dll
0x00007ffb5d7c0000 - 0x00007ffb5d8d4000 	C:\WINDOWS\System32\RPCRT4.dll
0x00007ffb5e410000 - 0x00007ffb5e5c1000 	C:\WINDOWS\System32\USER32.dll
0x00007ffb5b740000 - 0x00007ffb5b766000 	C:\WINDOWS\System32\win32u.dll
0x00007ffb34700000 - 0x00007ffb34998000 	C:\WINDOWS\WinSxS\amd64_microsoft.windows.common-controls_6595b64144ccf1df_6.0.22621.5124_none_270e8f4f7386d69d\COMCTL32.dll
0x00007ffb5e180000 - 0x00007ffb5e1a9000 	C:\WINDOWS\System32\GDI32.dll
0x00007ffb5b7a0000 - 0x00007ffb5b8bb000 	C:\WINDOWS\System32\gdi32full.dll
0x00007ffb5c230000 - 0x00007ffb5c2ca000 	C:\WINDOWS\System32\msvcp_win.dll
0x00007ffb4e240000 - 0x00007ffb4e24a000 	C:\WINDOWS\SYSTEM32\VERSION.dll
0x00007ffb5cd70000 - 0x00007ffb5cda1000 	C:\WINDOWS\System32\IMM32.DLL
0x00007ffb501d0000 - 0x00007ffb501dc000 	C:\Program Files\Java\jdk-17\bin\vcruntime140_1.dll
0x00007ffb0af70000 - 0x00007ffb0affe000 	C:\Program Files\Java\jdk-17\bin\msvcp140.dll
0x00007ffad5900000 - 0x00007ffad64df000 	C:\Program Files\Java\jdk-17\bin\server\jvm.dll
0x00007ffb5e5d0000 - 0x00007ffb5e5d8000 	C:\WINDOWS\System32\PSAPI.DLL
0x00007ffb3ed70000 - 0x00007ffb3ed79000 	C:\WINDOWS\SYSTEM32\WSOCK32.dll
0x00007ffb53730000 - 0x00007ffb53764000 	C:\WINDOWS\SYSTEM32\WINMM.dll
0x00007ffb5cc60000 - 0x00007ffb5ccd1000 	C:\WINDOWS\System32\WS2_32.dll
0x00007ffb5a740000 - 0x00007ffb5a758000 	C:\WINDOWS\SYSTEM32\kernel.appcore.dll
0x00007ffb500a0000 - 0x00007ffb500aa000 	C:\Program Files\Java\jdk-17\bin\jimage.dll
0x00007ffb58c90000 - 0x00007ffb58ec2000 	C:\WINDOWS\SYSTEM32\DBGHELP.DLL
0x00007ffb5c4f0000 - 0x00007ffb5c882000 	C:\WINDOWS\System32\combase.dll
0x00007ffb5e280000 - 0x00007ffb5e357000 	C:\WINDOWS\System32\OLEAUT32.dll
0x00007ffb4df80000 - 0x00007ffb4dfb2000 	C:\WINDOWS\SYSTEM32\dbgcore.DLL
0x00007ffb5c1b0000 - 0x00007ffb5c22b000 	C:\WINDOWS\System32\bcryptPrimitives.dll
0x00007ffb134a0000 - 0x00007ffb134c5000 	C:\Program Files\Java\jdk-17\bin\java.dll
0x00007ffb035c0000 - 0x00007ffb03697000 	C:\Program Files\Java\jdk-17\bin\jsvml.dll
0x00007ffb5d8e0000 - 0x00007ffb5e176000 	C:\WINDOWS\System32\SHELL32.dll
0x00007ffb5b8c0000 - 0x00007ffb5b9ff000 	C:\WINDOWS\System32\wintypes.dll
0x00007ffb59610000 - 0x00007ffb59f2a000 	C:\WINDOWS\SYSTEM32\windows.storage.dll
0x00007ffb5cdb0000 - 0x00007ffb5ceba000 	C:\WINDOWS\System32\SHCORE.dll
0x00007ffb5c480000 - 0x00007ffb5c4e3000 	C:\WINDOWS\System32\shlwapi.dll
0x00007ffb5b670000 - 0x00007ffb5b69b000 	C:\WINDOWS\SYSTEM32\profapi.dll
0x00007ffb20aa0000 - 0x00007ffb20ab9000 	C:\Program Files\Java\jdk-17\bin\net.dll
0x00007ffb57050000 - 0x00007ffb5717c000 	C:\WINDOWS\SYSTEM32\WINHTTP.dll
0x00007ffb5ac40000 - 0x00007ffb5acaa000 	C:\WINDOWS\system32\mswsock.dll
0x00007ffb13480000 - 0x00007ffb13496000 	C:\Program Files\Java\jdk-17\bin\nio.dll
0x00007ffb12c90000 - 0x00007ffb12ca8000 	C:\Program Files\Java\jdk-17\bin\zip.dll
0x00007ffb50050000 - 0x00007ffb50074000 	C:\Users\engon\AppData\Roaming\Code\User\globalStorage\pleiades.java-extension-pack-jdk\maven\latest\lib\jansi-native\Windows\x86_64\jansi.dll
0x00007ffb4cec0000 - 0x00007ffb4ced0000 	C:\Program Files\Java\jdk-17\bin\verify.dll
0x00007ffb5aec0000 - 0x00007ffb5aedb000 	C:\WINDOWS\SYSTEM32\CRYPTSP.dll
0x00007ffb5a6a0000 - 0x00007ffb5a6d7000 	C:\WINDOWS\system32\rsaenh.dll
0x00007ffb5ad50000 - 0x00007ffb5ad78000 	C:\WINDOWS\SYSTEM32\USERENV.dll
0x00007ffb5aeb0000 - 0x00007ffb5aebc000 	C:\WINDOWS\SYSTEM32\CRYPTBASE.dll
0x00007ffb5a190000 - 0x00007ffb5a1bd000 	C:\WINDOWS\SYSTEM32\IPHLPAPI.DLL
0x00007ffb5d5a0000 - 0x00007ffb5d5a9000 	C:\WINDOWS\System32\NSI.dll
0x00007ffb56e90000 - 0x00007ffb56ea9000 	C:\WINDOWS\SYSTEM32\dhcpcsvc6.DLL
0x00007ffb548a0000 - 0x00007ffb548bf000 	C:\WINDOWS\SYSTEM32\dhcpcsvc.DLL
0x00007ffb5a200000 - 0x00007ffb5a302000 	C:\WINDOWS\SYSTEM32\DNSAPI.dll

dbghelp: loaded successfully - version: 4.0.5 - missing functions: none
symbol engine: initialized successfully - sym options: 0x614 - pdb path: .;C:\Program Files\Java\jdk-17\bin;C:\WINDOWS\SYSTEM32;C:\Program Files\Avast Software\Avast;C:\WINDOWS\WinSxS\amd64_microsoft.windows.common-controls_6595b64144ccf1df_6.0.22621.5124_none_270e8f4f7386d69d;C:\Program Files\Java\jdk-17\bin\server;C:\Users\engon\AppData\Roaming\Code\User\globalStorage\pleiades.java-extension-pack-jdk\maven\latest\lib\jansi-native\Windows\x86_64

VM Arguments:
jvm_args: -Dclassworlds.conf=C:\Users\engon\AppData\Roaming\Code\User\globalStorage\pleiades.java-extension-pack-jdk\maven\latest\bin\m2.conf -Dmaven.home=C:\Users\engon\AppData\Roaming\Code\User\globalStorage\pleiades.java-extension-pack-jdk\maven\latest -Dlibrary.jansi.path=C:\Users\engon\AppData\Roaming\Code\User\globalStorage\pleiades.java-extension-pack-jdk\maven\latest\lib\jansi-native -Dmaven.multiModuleProjectDirectory=D:\SpringRestdemo\SpringRestdemo 
java_command: org.codehaus.plexus.classworlds.launcher.Launcher spring-boot:run
java_class_path (initial): C:\Users\engon\AppData\Roaming\Code\User\globalStorage\pleiades.java-extension-pack-jdk\maven\latest\boot\plexus-classworlds-2.8.0.jar
Launcher Type: SUN_STANDARD

[Global flags]
     intx CICompilerCount                          = 4                                         {product} {ergonomic}
     uint ConcGCThreads                            = 2                                         {product} {ergonomic}
     uint G1ConcRefinementThreads                  = 8                                         {product} {ergonomic}
   size_t G1HeapRegionSize                         = 1048576                                   {product} {ergonomic}
    uintx GCDrainStackTargetSize                   = 64                                        {product} {ergonomic}
   size_t InitialHeapSize                          = 130023424                                 {product} {ergonomic}
   size_t MarkStackSize                            = 4194304                                   {product} {ergonomic}
   size_t MaxHeapSize                              = 2053111808                                {product} {ergonomic}
   size_t MaxNewSize                               = 1231028224                                {product} {ergonomic}
   size_t MinHeapDeltaBytes                        = 1048576                                   {product} {ergonomic}
   size_t MinHeapSize                              = 8388608                                   {product} {ergonomic}
    uintx NonNMethodCodeHeapSize                   = 5839372                                {pd product} {ergonomic}
    uintx NonProfiledCodeHeapSize                  = 122909434                              {pd product} {ergonomic}
    uintx ProfiledCodeHeapSize                     = 122909434                              {pd product} {ergonomic}
    uintx ReservedCodeCacheSize                    = 251658240                              {pd product} {ergonomic}
     bool SegmentedCodeCache                       = true                                      {product} {ergonomic}
   size_t SoftMaxHeapSize                          = 2053111808                             {manageable} {ergonomic}
     bool UseCompressedClassPointers               = true                           {product lp64_product} {ergonomic}
     bool UseCompressedOops                        = true                           {product lp64_product} {ergonomic}
     bool UseG1GC                                  = true                                      {product} {ergonomic}
     bool UseLargePagesIndividualAllocation        = false                                  {pd product} {ergonomic}

Logging:
Log output configuration:
 #0: stdout all=warning uptime,level,tags
 #1: stderr all=off uptime,level,tags

Environment Variables:
JAVA_HOME=C:\Program Files\Java\jdk-17
PATH=C:\Users\engon\AppData\Roaming\Code\User\globalStorage\pleiades.java-extension-pack-jdk\gradle\latest\bin;C:\Users\engon\AppData\Roaming\Code\User\globalStorage\pleiades.java-extension-pack-jdk\maven\latest\bin;C:\Program Files\Java\jdk-17\bin;C:\Program Files\Eclipse Adoptium\jdk-17.0.14.7-hotspot\bin;C:\Users\Joan\AppData\Local\Programs\Python\Python312\Scripts\;C:\Users\Joan\AppData\Local\Programs\Python\Python312\;C:\Program Files\Java\jdk-17\bin;C:\ProgramData\Oracle\Java\javapath;C:\Program Files\Common Files\Oracle\Java\javapath;C:\Program Files (x86)\Common Files\Oracle\Java\java8path;C:\Program Files (x86)\Common Files\Oracle\Java\javapath;C:\Users\engon\Favorites\Downloads\Oraclem19c\WINDOWS.X64_213000_db_home\bin;C:\Program Files\Python311\Scripts\;C:\Program Files\Python311\;C:\WINDOWS\system32;C:\WINDOWS;C:\WINDOWS\System32\Wbem;C:\WINDOWS\System32\WindowsPowerShell\v1.0;C:\WINDOWS\System32\OpenSSH\;C:\Program Files\Cloudflare\Cloudflare WARP\;C:\Program Files\Java\jdk-19\bin;C:\Program Files\HP\HP One Agent;C:\Program Files\Git\cmd;C:\Program Files\Java\jdk-11\bin;C:\Program Files\Git\bin;C:\Program Files\VisualSVN Server\bin;C:\Program Files\TortoiseSVN\bin;C:\Program Files\Microsoft SQL Server\150\Tools\Binn\;C:\Program Files (x86)\Windows Kits\10\Windows Per;C:\Users\engon\flutter\bin;C:\Users\engon\AppData\Local\Android\Sdk\platform-tools;C:\Users\engon\AppData\Local\Pub\Cache\bin;C:\Program Files\nodejs\;C:\Users\Joan\AppData\Local\Programs\Microsoft VS Code\bin;D:\flutter\bin;C:\Users\Joan\AppData\Local\Programs\Python\Python312\Scripts\;C:\Users\Joan\AppData\Local\Programs\Python\Python312\;C:\Program Files\Java\jdk-17\bin;C:\Program Files\Java\jdk-17\bin;C:\ProgramData\Oracle\Java\javapath;C:\Program Files\Common Files\Oracle\Java\javapath;C:\Program Files (x86)\Common Files\Oracle\Java\java8path;C:\Program Files (x86)\Common Files\Oracle\Java\javapath;C:\Users\engon\Favorites\Downloads\Oraclem19c\WINDOWS.X64_213000_db_home\bin;C:\Program Fil
USERNAME=CRISS
LANG=en_US.UTF-8
OS=Windows_NT
PROCESSOR_IDENTIFIER=Intel64 Family 6 Model 140 Stepping 1, GenuineIntel



---------------  S Y S T E M  ---------------

OS:
 Windows 11 , 64 bit Build 22621 (10.0.22621.5124)
OS uptime: 0 days 14:59 hours
Hyper-V role detected

CPU: total 8 (initial active 8) (4 cores per cpu, 2 threads per core) family 6 model 140 stepping 1 microcode 0xb4, cx8, cmov, fxsr, ht, mmx, 3dnowpref, sse, sse2, sse3, ssse3, sse4.1, sse4.2, popcnt, lzcnt, tsc, tscinvbit, avx, avx2, aes, erms, clmul, bmi1, bmi2, adx, avx512f, avx512dq, avx512cd, avx512bw, avx512vl, sha, fma, vzeroupper, avx512_vpopcntdq, avx512_vpclmulqdq, avx512_vaes, avx512_vnni, clflush, clflushopt, clwb, avx512_vbmi2, avx512_vbmi, hv

Memory: 4k page, system-wide physical 7831M (130M free)
TotalPageFile size 31383M (AvailPageFile size 2M)
current process WorkingSet (physical memory assigned to process): 223M, peak: 223M
current process commit charge ("private bytes"): 265M, peak: 266M

vm_info: Java HotSpot(TM) 64-Bit Server VM (17.0.10+11-LTS-240) for windows-amd64 JRE (17.0.10+11-LTS-240), built on Dec 19 2023 21:47:25 by "mach5one" with MS VC++ 17.1 (VS2022)

END.
